Archive member included because of file (symbol)

C:/WINAVR/BIN/../lib/gcc/avr/3.4.3/avr5\libgcc.a(_copy_data.o)
                              backemf.o (__do_copy_data)
C:/WINAVR/BIN/../lib/gcc/avr/3.4.3/avr5\libgcc.a(_clear_bss.o)
                              backemf.o (__do_clear_bss)
C:/WINAVR/BIN/../lib/gcc/avr/3.4.3/../../../../avr/lib/avr5\libc.a(atoi.o)
                              backemf.o (atoi)
C:/WINAVR/BIN/../lib/gcc/avr/3.4.3/../../../../avr/lib/avr5\libc.a(itoa.o)
                              E_uart.o (itoa)
C:/WINAVR/BIN/../lib/gcc/avr/3.4.3/../../../../avr/lib/avr5\libc.a(mul10.o)
                              C:/WINAVR/BIN/../lib/gcc/avr/3.4.3/../../../../avr/lib/avr5\libc.a(atoi.o) (__mulhi_const_10)
C:/WINAVR/BIN/../lib/gcc/avr/3.4.3/../../../../avr/lib/avr5\libc.a(strcasecmp_P.o)
                              text_decode.o (strcasecmp_P)
C:/WINAVR/BIN/../lib/gcc/avr/3.4.3/../../../../avr/lib/avr5\libc.a(strrev.o)
                              C:/WINAVR/BIN/../lib/gcc/avr/3.4.3/../../../../avr/lib/avr5\libc.a(itoa.o) (strrev)
C:/WINAVR/BIN/../lib/gcc/avr/3.4.3/avr5\libgcc.a(_udivmodhi4.o)
                              C:/WINAVR/BIN/../lib/gcc/avr/3.4.3/../../../../avr/lib/avr5\libc.a(itoa.o) (__udivmodhi4)

Allocating common symbols
Common symbol       size              file

g_rx_buff           0x80              E_uart.o
g_angle             0x4               backemf.o
g_motor             0x1               backemf.o
g_rcv_buff          0x80              backemf.o
g_tx_buff           0x80              E_uart.o
g_speed             0x4               backemf.o

Memory Configuration

Name             Origin             Length             Attributes
text             0x00000000         0x00020000         xr
data             0x00800060         0x0000ffa0         rw !x
eeprom           0x00810000         0x00010000         rw !x
*default*        0x00000000         0xffffffff

Linker script and memory map

LOAD C:/WINAVR/BIN/../lib/gcc/avr/3.4.3/../../../../avr/lib/avr5/crtm32.o
LOAD backemf.o
LOAD Dual_7Segment.o
LOAD DC_motor.o
LOAD ir_tv.o
LOAD E_uart.o
LOAD adc.o
LOAD text_decode.o
LOAD C:/WINAVR/BIN/../lib/gcc/avr/3.4.3/../../../../avr/lib/avr5\libm.a
LOAD C:/WINAVR/BIN/../lib/gcc/avr/3.4.3/avr5\libgcc.a
LOAD C:/WINAVR/BIN/../lib/gcc/avr/3.4.3/../../../../avr/lib/avr5\libc.a
LOAD C:/WINAVR/BIN/../lib/gcc/avr/3.4.3/avr5\libgcc.a

.hash
 *(.hash)

.dynsym
 *(.dynsym)

.dynstr
 *(.dynstr)

.gnu.version
 *(.gnu.version)

.gnu.version_d
 *(.gnu.version_d)

.gnu.version_r
 *(.gnu.version_r)

.rel.init
 *(.rel.init)

.rela.init
 *(.rela.init)

.rel.text
 *(.rel.text)
 *(.rel.text.*)
 *(.rel.gnu.linkonce.t*)

.rela.text
 *(.rela.text)
 *(.rela.text.*)
 *(.rela.gnu.linkonce.t*)

.rel.fini
 *(.rel.fini)

.rela.fini
 *(.rela.fini)

.rel.rodata
 *(.rel.rodata)
 *(.rel.rodata.*)
 *(.rel.gnu.linkonce.r*)

.rela.rodata
 *(.rela.rodata)
 *(.rela.rodata.*)
 *(.rela.gnu.linkonce.r*)

.rel.data
 *(.rel.data)
 *(.rel.data.*)
 *(.rel.gnu.linkonce.d*)

.rela.data
 *(.rela.data)
 *(.rela.data.*)
 *(.rela.gnu.linkonce.d*)

.rel.ctors
 *(.rel.ctors)

.rela.ctors
 *(.rela.ctors)

.rel.dtors
 *(.rel.dtors)

.rela.dtors
 *(.rela.dtors)

.rel.got
 *(.rel.got)

.rela.got
 *(.rela.got)

.rel.bss
 *(.rel.bss)

.rela.bss
 *(.rela.bss)

.rel.plt
 *(.rel.plt)

.rela.plt
 *(.rela.plt)

.text           0x00000000      0xde0
 *(.vectors)
 .vectors       0x00000000       0x54 C:/WINAVR/BIN/../lib/gcc/avr/3.4.3/../../../../avr/lib/avr5/crtm32.o
                0x00000000                __vectors
                0x00000000                __vector_default
                0x00000054                __ctors_start = .
 *(.ctors)
                0x00000054                __ctors_end = .
                0x00000054                __dtors_start = .
 *(.dtors)
                0x00000054                __dtors_end = .
 *(.progmem.gcc*)
 *(.progmem*)
 .progmem.data  0x00000054       0x30 text_decode.o
                0x0000005c                text_cmd
                0x00000054                delimiter
                0x00000084                . = ALIGN (0x2)
 *(.init0)
 *(.init1)
 *(.init2)
 .init2         0x00000084        0xc C:/WINAVR/BIN/../lib/gcc/avr/3.4.3/../../../../avr/lib/avr5/crtm32.o
 *(.init3)
 *(.init4)
 .init4         0x00000090       0x16 C:/WINAVR/BIN/../lib/gcc/avr/3.4.3/avr5\libgcc.a(_copy_data.o)
                0x00000090                __do_copy_data
 .init4         0x000000a6       0x10 C:/WINAVR/BIN/../lib/gcc/avr/3.4.3/avr5\libgcc.a(_clear_bss.o)
                0x000000a6                __do_clear_bss
 *(.init5)
 *(.init6)
 *(.init7)
 *(.init8)
 *(.init9)
 .init9         0x000000b6        0x4 C:/WINAVR/BIN/../lib/gcc/avr/3.4.3/../../../../avr/lib/avr5/crtm32.o
 *(.text)
 .text          0x000000ba        0x4 C:/WINAVR/BIN/../lib/gcc/avr/3.4.3/../../../../avr/lib/avr5/crtm32.o
                0x000000ba                __vector_1
                0x000000ba                __vector_12
                0x000000ba                __bad_interrupt
                0x000000ba                __vector_3
                0x000000ba                __vector_17
                0x000000ba                __vector_19
                0x000000ba                __vector_7
                0x000000ba                __vector_5
                0x000000ba                __vector_4
                0x000000ba                __vector_9
                0x000000ba                __vector_2
                0x000000ba                __vector_15
                0x000000ba                __vector_8
                0x000000ba                __vector_16
                0x000000ba                __vector_18
                0x000000ba                __vector_20
 .text          0x000000be      0x6b2 backemf.o
                0x0000064a                init_board
                0x000005e4                __vector_6
                0x000003b0                calculate_backemf
                0x00000482                __vector_11
                0x00000530                __vector_13
                0x0000016a                remote_decode
                0x0000026e                cmd_decode
                0x00000688                main
                0x000000be                delay
                0x000000c8                set_motor_parameter
                0x00000592                __vector_14
                0x000004d6                __vector_10
 .text          0x00000770       0xc2 Dual_7Segment.o
                0x00000770                d7segment_display
                0x0000081e                d7segment_init
 .text          0x00000832       0x84 DC_motor.o
                0x00000832                init_motor
                0x0000084e                motor_control
 .text          0x000008b6       0x96 ir_tv.o
                0x000008c8                sony_ir_decode
                0x000008b6                init_ir
 .text          0x0000094c      0x164 E_uart.o
                0x00000a72                debug_value
                0x00000a00                uart_get_TX
                0x00000996                uart_get_RX
                0x00000a4c                uart_puts
                0x0000094c                uart_init
                0x00000a38                uart_getc
                0x00000a40                uart_putc
                0x00000964                uart_put_RX
                0x000009ce                uart_put_TX
 .text          0x00000ab0       0x44 adc.o
                0x00000ada                read_adc
                0x00000ab0                adc_init
                0x00000ac6                adc_enable_int
 .text          0x00000af4      0x1ca text_decode.o
                0x00000af4                text_decode
 .text          0x00000cbe       0x5a C:/WINAVR/BIN/../lib/gcc/avr/3.4.3/../../../../avr/lib/avr5\libc.a(atoi.o)
                0x00000cbe                atoi
 .text          0x00000d18       0x4a C:/WINAVR/BIN/../lib/gcc/avr/3.4.3/../../../../avr/lib/avr5\libc.a(itoa.o)
                0x00000d18                itoa
 .text          0x00000d62       0x10 C:/WINAVR/BIN/../lib/gcc/avr/3.4.3/../../../../avr/lib/avr5\libc.a(mul10.o)
                0x00000d62                __mulhi_const_10
 .text          0x00000d72       0x26 C:/WINAVR/BIN/../lib/gcc/avr/3.4.3/../../../../avr/lib/avr5\libc.a(strcasecmp_P.o)
                0x00000d72                strcasecmp_P
 .text          0x00000d98       0x20 C:/WINAVR/BIN/../lib/gcc/avr/3.4.3/../../../../avr/lib/avr5\libc.a(strrev.o)
                0x00000d98                strrev
                0x00000db8                . = ALIGN (0x2)
 *(.text.*)
 .text.libgcc   0x00000db8       0x28 C:/WINAVR/BIN/../lib/gcc/avr/3.4.3/avr5\libgcc.a(_udivmodhi4.o)
                0x00000db8                __udivmodhi4
                0x00000de0                . = ALIGN (0x2)
 *(.fini9)
 *(.fini8)
 *(.fini7)
 *(.fini6)
 *(.fini5)
 *(.fini4)
 *(.fini3)
 *(.fini2)
 *(.fini1)
 *(.fini0)
                0x00000de0                _etext = .

.data           0x00800060       0x38 load address 0x00000de0
                0x00800060                PROVIDE (__data_start, .)
 *(.data)
 .data          0x00800060       0x37 backemf.o
                0x00800069                g_adc_channel
                0x00800060                g_speed_table
 *(.gnu.linkonce.d*)
                0x00800098                . = ALIGN (0x2)
 *fill*         0x00800097        0x1 00
                0x00800098                _edata = .
                0x00800098                PROVIDE (__data_end, .)

.bss            0x00800098      0x19b
                0x00800098                PROVIDE (__bss_start, .)
 *(.bss)
 .bss           0x00800098        0x9 backemf.o
                0x0080009d                g_mode
                0x00800099                g_pos
                0x00800098                g_cmd_decode
 .bss           0x008000a1        0x5 ir_tv.o
 .bss           0x008000a6        0x2 E_uart.o
                0x008000a7                g_rx_ptr
                0x008000a6                g_tx_ptr
 .bss           0x008000a8        0x2 text_decode.o
 *(COMMON)
 COMMON         0x008000aa       0x89 backemf.o
                                  0x0 (size before relaxing)
                0x008000aa                g_angle
                0x008000ae                g_motor
                0x008000af                g_rcv_buff
                0x0080012f                g_speed
 COMMON         0x00800133      0x100 E_uart.o
                                  0x0 (size before relaxing)
                0x00800133                g_rx_buff
                0x008001b3                g_tx_buff
                0x00800233                PROVIDE (__bss_end, .)
                0x00000de0                __data_load_start = LOADADDR (.data)
                0x00000e18                __data_load_end = (__data_load_start + SIZEOF (.data))

.noinit         0x00800233        0x0
                0x00800233                PROVIDE (__noinit_start, .)
 *(.noinit*)
                0x00800233                PROVIDE (__noinit_end, .)
                0x00800233                _end = .
                0x00800233                PROVIDE (__heap_start, .)

.eeprom         0x00810000        0x0
 *(.eeprom*)
                0x00810000                __eeprom_end = .

.stab           0x00000000     0x2520
 *(.stab)
 .stab          0x00000000      0xe34 backemf.o
 .stab          0x00000e34      0x300 Dual_7Segment.o
                                0x3b4 (size before relaxing)
 .stab          0x00001134      0x318 DC_motor.o
                                0x3d8 (size before relaxing)
 .stab          0x0000144c      0x2d0 ir_tv.o
                                0x390 (size before relaxing)
 .stab          0x0000171c      0x5e8 E_uart.o
                                0x6fc (size before relaxing)
 .stab          0x00001d04      0x27c adc.o
                                0x33c (size before relaxing)
 .stab          0x00001f80      0x5a0 text_decode.o
                                0x72c (size before relaxing)

.stabstr        0x00000000      0xf78
 *(.stabstr)
 .stabstr       0x00000000      0xf78 backemf.o
                                  0x0 (size before relaxing)

.stab.excl
 *(.stab.excl)

.stab.exclstr
 *(.stab.exclstr)

.stab.index
 *(.stab.index)

.stab.indexstr
 *(.stab.indexstr)

.comment
 *(.comment)

.debug
 *(.debug)

.line
 *(.line)

.debug_srcinfo
 *(.debug_srcinfo)

.debug_sfnames
 *(.debug_sfnames)

.debug_aranges
 *(.debug_aranges)

.debug_pubnames
 *(.debug_pubnames)

.debug_info
 *(.debug_info)
 *(.gnu.linkonce.wi.*)

.debug_abbrev
 *(.debug_abbrev)

.debug_line
 *(.debug_line)

.debug_frame
 *(.debug_frame)

.debug_str
 *(.debug_str)

.debug_loc
 *(.debug_loc)

.debug_macinfo
 *(.debug_macinfo)
OUTPUT(backemf.elf elf32-avr)

Cross Reference Table

Symbol                                            File
__bad_interrupt                                   C:/WINAVR/BIN/../lib/gcc/avr/3.4.3/../../../../avr/lib/avr5/crtm32.o
__bss_end                                         C:/WINAVR/BIN/../lib/gcc/avr/3.4.3/avr5\libgcc.a(_clear_bss.o)
__bss_start                                       C:/WINAVR/BIN/../lib/gcc/avr/3.4.3/avr5\libgcc.a(_clear_bss.o)
__data_end                                        C:/WINAVR/BIN/../lib/gcc/avr/3.4.3/avr5\libgcc.a(_copy_data.o)
__data_load_start                                 C:/WINAVR/BIN/../lib/gcc/avr/3.4.3/avr5\libgcc.a(_copy_data.o)
__data_start                                      C:/WINAVR/BIN/../lib/gcc/avr/3.4.3/avr5\libgcc.a(_copy_data.o)
__do_clear_bss                                    C:/WINAVR/BIN/../lib/gcc/avr/3.4.3/avr5\libgcc.a(_clear_bss.o)
                                                  text_decode.o
                                                  adc.o
                                                  E_uart.o
                                                  ir_tv.o
                                                  DC_motor.o
                                                  Dual_7Segment.o
                                                  backemf.o
__do_copy_data                                    C:/WINAVR/BIN/../lib/gcc/avr/3.4.3/avr5\libgcc.a(_copy_data.o)
                                                  text_decode.o
                                                  adc.o
                                                  E_uart.o
                                                  ir_tv.o
                                                  DC_motor.o
                                                  Dual_7Segment.o
                                                  backemf.o
__heap_end                                        C:/WINAVR/BIN/../lib/gcc/avr/3.4.3/../../../../avr/lib/avr5/crtm32.o
__init                                            C:/WINAVR/BIN/../lib/gcc/avr/3.4.3/../../../../avr/lib/avr5/crtm32.o
__mulhi_const_10                                  C:/WINAVR/BIN/../lib/gcc/avr/3.4.3/../../../../avr/lib/avr5\libc.a(mul10.o)
                                                  C:/WINAVR/BIN/../lib/gcc/avr/3.4.3/../../../../avr/lib/avr5\libc.a(atoi.o)
__stack                                           C:/WINAVR/BIN/../lib/gcc/avr/3.4.3/../../../../avr/lib/avr5/crtm32.o
                                                  backemf.o
__udivmodhi4                                      C:/WINAVR/BIN/../lib/gcc/avr/3.4.3/avr5\libgcc.a(_udivmodhi4.o)
                                                  C:/WINAVR/BIN/../lib/gcc/avr/3.4.3/../../../../avr/lib/avr5\libc.a(itoa.o)
__vector_1                                        C:/WINAVR/BIN/../lib/gcc/avr/3.4.3/../../../../avr/lib/avr5/crtm32.o
__vector_10                                       backemf.o
                                                  C:/WINAVR/BIN/../lib/gcc/avr/3.4.3/../../../../avr/lib/avr5/crtm32.o
__vector_11                                       backemf.o
                                                  C:/WINAVR/BIN/../lib/gcc/avr/3.4.3/../../../../avr/lib/avr5/crtm32.o
__vector_12                                       C:/WINAVR/BIN/../lib/gcc/avr/3.4.3/../../../../avr/lib/avr5/crtm32.o
__vector_13                                       backemf.o
                                                  C:/WINAVR/BIN/../lib/gcc/avr/3.4.3/../../../../avr/lib/avr5/crtm32.o
__vector_14                                       backemf.o
                                                  C:/WINAVR/BIN/../lib/gcc/avr/3.4.3/../../../../avr/lib/avr5/crtm32.o
__vector_15                                       C:/WINAVR/BIN/../lib/gcc/avr/3.4.3/../../../../avr/lib/avr5/crtm32.o
__vector_16                                       C:/WINAVR/BIN/../lib/gcc/avr/3.4.3/../../../../avr/lib/avr5/crtm32.o
__vector_17                                       C:/WINAVR/BIN/../lib/gcc/avr/3.4.3/../../../../avr/lib/avr5/crtm32.o
__vector_18                                       C:/WINAVR/BIN/../lib/gcc/avr/3.4.3/../../../../avr/lib/avr5/crtm32.o
__vector_19                                       C:/WINAVR/BIN/../lib/gcc/avr/3.4.3/../../../../avr/lib/avr5/crtm32.o
__vector_2                                        C:/WINAVR/BIN/../lib/gcc/avr/3.4.3/../../../../avr/lib/avr5/crtm32.o
__vector_20                                       C:/WINAVR/BIN/../lib/gcc/avr/3.4.3/../../../../avr/lib/avr5/crtm32.o
__vector_3                                        C:/WINAVR/BIN/../lib/gcc/avr/3.4.3/../../../../avr/lib/avr5/crtm32.o
__vector_4                                        C:/WINAVR/BIN/../lib/gcc/avr/3.4.3/../../../../avr/lib/avr5/crtm32.o
__vector_5                                        C:/WINAVR/BIN/../lib/gcc/avr/3.4.3/../../../../avr/lib/avr5/crtm32.o
__vector_6                                        backemf.o
                                                  C:/WINAVR/BIN/../lib/gcc/avr/3.4.3/../../../../avr/lib/avr5/crtm32.o
__vector_7                                        C:/WINAVR/BIN/../lib/gcc/avr/3.4.3/../../../../avr/lib/avr5/crtm32.o
__vector_8                                        C:/WINAVR/BIN/../lib/gcc/avr/3.4.3/../../../../avr/lib/avr5/crtm32.o
__vector_9                                        C:/WINAVR/BIN/../lib/gcc/avr/3.4.3/../../../../avr/lib/avr5/crtm32.o
__vector_default                                  C:/WINAVR/BIN/../lib/gcc/avr/3.4.3/../../../../avr/lib/avr5/crtm32.o
__vectors                                         C:/WINAVR/BIN/../lib/gcc/avr/3.4.3/../../../../avr/lib/avr5/crtm32.o
adc_enable_int                                    adc.o
adc_init                                          adc.o
                                                  backemf.o
atoi                                              C:/WINAVR/BIN/../lib/gcc/avr/3.4.3/../../../../avr/lib/avr5\libc.a(atoi.o)
                                                  backemf.o
calculate_backemf                                 backemf.o
cmd_decode                                        backemf.o
d7segment_display                                 Dual_7Segment.o
                                                  backemf.o
d7segment_init                                    Dual_7Segment.o
                                                  backemf.o
debug_value                                       E_uart.o
                                                  backemf.o
delay                                             backemf.o
delimiter                                         text_decode.o
g_adc_channel                                     backemf.o
g_angle                                           backemf.o
g_cmd_decode                                      backemf.o
g_mode                                            backemf.o
g_motor                                           backemf.o
g_pos                                             backemf.o
g_rcv_buff                                        backemf.o
g_rx_buff                                         E_uart.o
g_rx_ptr                                          E_uart.o
g_speed                                           backemf.o
g_speed_table                                     backemf.o
g_tx_buff                                         E_uart.o
g_tx_ptr                                          E_uart.o
init_board                                        backemf.o
init_ir                                           ir_tv.o
                                                  backemf.o
init_motor                                        DC_motor.o
                                                  backemf.o
itoa                                              C:/WINAVR/BIN/../lib/gcc/avr/3.4.3/../../../../avr/lib/avr5\libc.a(itoa.o)
                                                  E_uart.o
main                                              backemf.o
                                                  C:/WINAVR/BIN/../lib/gcc/avr/3.4.3/../../../../avr/lib/avr5/crtm32.o
motor_control                                     DC_motor.o
                                                  backemf.o
read_adc                                          adc.o
                                                  backemf.o
remote_decode                                     backemf.o
set_motor_parameter                               backemf.o
sony_ir_decode                                    ir_tv.o
                                                  backemf.o
strcasecmp_P                                      C:/WINAVR/BIN/../lib/gcc/avr/3.4.3/../../../../avr/lib/avr5\libc.a(strcasecmp_P.o)
                                                  text_decode.o
strrev                                            C:/WINAVR/BIN/../lib/gcc/avr/3.4.3/../../../../avr/lib/avr5\libc.a(strrev.o)
                                                  C:/WINAVR/BIN/../lib/gcc/avr/3.4.3/../../../../avr/lib/avr5\libc.a(itoa.o)
text_cmd                                          text_decode.o
text_decode                                       text_decode.o
                                                  backemf.o
uart_get_RX                                       E_uart.o
uart_get_TX                                       E_uart.o
                                                  backemf.o
uart_getc                                         E_uart.o
uart_init                                         E_uart.o
                                                  backemf.o
uart_put_RX                                       E_uart.o
uart_put_TX                                       E_uart.o
uart_putc                                         E_uart.o
                                                  backemf.o
uart_puts                                         E_uart.o
                                                  backemf.o
