Archive member included because of file (symbol)

C:/WINAVR/BIN/../lib/gcc/avr/3.4.3/avr5\libgcc.a(_divmodsi4.o)
                              sercom.o (__divmodsi4)
C:/WINAVR/BIN/../lib/gcc/avr/3.4.3/avr5\libgcc.a(_exit.o)
                              boot.o (exit)
C:/WINAVR/BIN/../lib/gcc/avr/3.4.3/avr5\libgcc.a(_copy_data.o)
                              boot.o (__do_copy_data)
C:/WINAVR/BIN/../lib/gcc/avr/3.4.3/avr5\libgcc.a(_clear_bss.o)
                              boot.o (__do_clear_bss)
C:/WINAVR/BIN/../lib/gcc/avr/3.4.3/avr5\libgcc.a(_udivmodsi4.o)
                              C:/WINAVR/BIN/../lib/gcc/avr/3.4.3/avr5\libgcc.a(_divmodsi4.o) (__udivmodsi4)

Allocating common symbols
Common symbol       size              file

page_data           0x80              boot.o
buf_address         0x4               boot.o

Memory Configuration

Name             Origin             Length             Attributes
text             0x00000000         0x00020000         xr
data             0x00800060         0x0000ffa0         rw !x
eeprom           0x00810000         0x00010000         rw !x
*default*        0x00000000         0xffffffff

Linker script and memory map

LOAD C:/WINAVR/BIN/../lib/gcc/avr/3.4.3/../../../../avr/lib/avr5/crtm32.o
LOAD boot.o
LOAD sercom.o
LOAD C:/WINAVR/BIN/../lib/gcc/avr/3.4.3/../../../../avr/lib/avr5\libm.a
Address of section .text set to 0x7000
LOAD C:/WINAVR/BIN/../lib/gcc/avr/3.4.3/avr5\libgcc.a
LOAD C:/WINAVR/BIN/../lib/gcc/avr/3.4.3/../../../../avr/lib/avr5\libc.a
LOAD C:/WINAVR/BIN/../lib/gcc/avr/3.4.3/avr5\libgcc.a

.hash
 *(.hash)

.dynsym
 *(.dynsym)

.dynstr
 *(.dynstr)

.gnu.version
 *(.gnu.version)

.gnu.version_d
 *(.gnu.version_d)

.gnu.version_r
 *(.gnu.version_r)

.rel.init
 *(.rel.init)

.rela.init
 *(.rela.init)

.rel.text
 *(.rel.text)
 *(.rel.text.*)
 *(.rel.gnu.linkonce.t*)

.rela.text
 *(.rela.text)
 *(.rela.text.*)
 *(.rela.gnu.linkonce.t*)

.rel.fini
 *(.rel.fini)

.rela.fini
 *(.rela.fini)

.rel.rodata
 *(.rel.rodata)
 *(.rel.rodata.*)
 *(.rel.gnu.linkonce.r*)

.rela.rodata
 *(.rela.rodata)
 *(.rela.rodata.*)
 *(.rela.gnu.linkonce.r*)

.rel.data
 *(.rel.data)
 *(.rel.data.*)
 *(.rel.gnu.linkonce.d*)

.rela.data
 *(.rela.data)
 *(.rela.data.*)
 *(.rela.gnu.linkonce.d*)

.rel.ctors
 *(.rel.ctors)

.rela.ctors
 *(.rela.ctors)

.rel.dtors
 *(.rel.dtors)

.rela.dtors
 *(.rela.dtors)

.rel.got
 *(.rel.got)

.rela.got
 *(.rela.got)

.rel.bss
 *(.rel.bss)

.rela.bss
 *(.rela.bss)

.rel.plt
 *(.rel.plt)

.rela.plt
 *(.rela.plt)

.text           0x00007000      0x5a0
 *(.vectors)
 .vectors       0x00007000       0x54 C:/WINAVR/BIN/../lib/gcc/avr/3.4.3/../../../../avr/lib/avr5/crtm32.o
                0x00007000                __vectors
                0x00007000                __vector_default
                0x00007054                __ctors_start = .
 *(.ctors)
                0x00007054                __ctors_end = .
                0x00007054                __dtors_start = .
 *(.dtors)
                0x00007054                __dtors_end = .
 *(.progmem.gcc*)
 *(.progmem*)
                0x00007054                . = ALIGN (0x2)
 *(.init0)
 *(.init1)
 *(.init2)
 .init2         0x00007054        0xc C:/WINAVR/BIN/../lib/gcc/avr/3.4.3/../../../../avr/lib/avr5/crtm32.o
 *(.init3)
 *(.init4)
 .init4         0x00007060       0x16 C:/WINAVR/BIN/../lib/gcc/avr/3.4.3/avr5\libgcc.a(_copy_data.o)
                0x00007060                __do_copy_data
 .init4         0x00007076       0x10 C:/WINAVR/BIN/../lib/gcc/avr/3.4.3/avr5\libgcc.a(_clear_bss.o)
                0x00007076                __do_clear_bss
 *(.init5)
 *(.init6)
 *(.init7)
 *(.init8)
 *(.init9)
 .init9         0x00007086        0x4 C:/WINAVR/BIN/../lib/gcc/avr/3.4.3/../../../../avr/lib/avr5/crtm32.o
 *(.text)
 .text          0x0000708a        0x4 C:/WINAVR/BIN/../lib/gcc/avr/3.4.3/../../../../avr/lib/avr5/crtm32.o
                0x0000708a                __vector_1
                0x0000708a                __vector_12
                0x0000708a                __bad_interrupt
                0x0000708a                __vector_6
                0x0000708a                __vector_3
                0x0000708a                __vector_11
                0x0000708a                __vector_13
                0x0000708a                __vector_17
                0x0000708a                __vector_19
                0x0000708a                __vector_7
                0x0000708a                __vector_5
                0x0000708a                __vector_4
                0x0000708a                __vector_9
                0x0000708a                __vector_2
                0x0000708a                __vector_15
                0x0000708a                __vector_8
                0x0000708a                __vector_14
                0x0000708a                __vector_10
                0x0000708a                __vector_16
                0x0000708a                __vector_18
                0x0000708a                __vector_20
 .text          0x0000708e      0x2f6 boot.o
                0x0000708e                ascii_to_bin
                0x00007226                main
                0x000070a0                ihex_load
 .text          0x00007384      0x1a0 sercom.o
                0x00007384                Hit0
                0x000073b2                GetChar0
                0x000074b6                PutHex0
                0x000073ee                PutInt0
                0x000073aa                PutChar0
                0x00007396                SerCom0Init
                0x000073bc                PutString0
                0x00007524                . = ALIGN (0x2)
 *(.text.*)
 .text.libgcc   0x00007524       0x36 C:/WINAVR/BIN/../lib/gcc/avr/3.4.3/avr5\libgcc.a(_divmodsi4.o)
                0x00007524                __divmodsi4
 .text.libgcc   0x0000755a       0x44 C:/WINAVR/BIN/../lib/gcc/avr/3.4.3/avr5\libgcc.a(_udivmodsi4.o)
                0x0000755a                __udivmodsi4
                0x0000759e                . = ALIGN (0x2)
 *(.fini9)
 *(.fini8)
 *(.fini7)
 *(.fini6)
 *(.fini5)
 *(.fini4)
 *(.fini3)
 *(.fini2)
 *(.fini1)
 *(.fini0)
 .fini0         0x0000759e        0x2 C:/WINAVR/BIN/../lib/gcc/avr/3.4.3/avr5\libgcc.a(_exit.o)
                0x000075a0                _etext = .

.data           0x00800060       0x46 load address 0x000075a0
                0x00800060                PROVIDE (__data_start, .)
 *(.data)
 .data          0x00800060       0x35 boot.o
 .data          0x00800095       0x10 sercom.o
 *(.gnu.linkonce.d*)
                0x008000a6                . = ALIGN (0x2)
 *fill*         0x008000a5        0x1 00
                0x008000a6                _edata = .
                0x008000a6                PROVIDE (__data_end, .)

.bss            0x008000a6       0x86
                0x008000a6                PROVIDE (__bss_start, .)
 *(.bss)
 .bss           0x008000a6        0x2 boot.o
                0x008000a6                jump_to_app
 *(COMMON)
 COMMON         0x008000a8       0x84 boot.o
                                  0x0 (size before relaxing)
                0x008000a8                page_data
                0x00800128                buf_address
                0x0080012c                PROVIDE (__bss_end, .)
                0x000075a0                __data_load_start = LOADADDR (.data)
                0x000075e6                __data_load_end = (__data_load_start + SIZEOF (.data))

.noinit         0x0080012c        0x0
                0x0080012c                PROVIDE (__noinit_start, .)
 *(.noinit*)
                0x0080012c                PROVIDE (__noinit_end, .)
                0x0080012c                _end = .
                0x0080012c                PROVIDE (__heap_start, .)

.eeprom         0x00810000        0x0
 *(.eeprom*)
                0x00810000                __eeprom_end = .

.stab           0x00000000      0xc6c
 *(.stab)
 .stab          0x00000000      0x828 boot.o
 .stab          0x00000828      0x444 sercom.o
                                0x4e0 (size before relaxing)

.stabstr        0x00000000      0x9dc
 *(.stabstr)
 .stabstr       0x00000000      0x9dc boot.o
                                  0x0 (size before relaxing)

.stab.excl
 *(.stab.excl)

.stab.exclstr
 *(.stab.exclstr)

.stab.index
 *(.stab.index)

.stab.indexstr
 *(.stab.indexstr)

.comment
 *(.comment)

.debug
 *(.debug)

.line
 *(.line)

.debug_srcinfo
 *(.debug_srcinfo)

.debug_sfnames
 *(.debug_sfnames)

.debug_aranges
 *(.debug_aranges)

.debug_pubnames
 *(.debug_pubnames)

.debug_info
 *(.debug_info)
 *(.gnu.linkonce.wi.*)

.debug_abbrev
 *(.debug_abbrev)

.debug_line
 *(.debug_line)

.debug_frame
 *(.debug_frame)

.debug_str
 *(.debug_str)

.debug_loc
 *(.debug_loc)

.debug_macinfo
 *(.debug_macinfo)
OUTPUT(boot.elf elf32-avr)

Cross Reference Table

Symbol                                            File
GetChar0                                          sercom.o
                                                  boot.o
Hit0                                              sercom.o
                                                  boot.o
PutChar0                                          sercom.o
                                                  boot.o
PutHex0                                           sercom.o
PutInt0                                           sercom.o
                                                  boot.o
PutString0                                        sercom.o
                                                  boot.o
SerCom0Init                                       sercom.o
                                                  boot.o
__bad_interrupt                                   C:/WINAVR/BIN/../lib/gcc/avr/3.4.3/../../../../avr/lib/avr5/crtm32.o
__bss_end                                         C:/WINAVR/BIN/../lib/gcc/avr/3.4.3/avr5\libgcc.a(_clear_bss.o)
__bss_start                                       C:/WINAVR/BIN/../lib/gcc/avr/3.4.3/avr5\libgcc.a(_clear_bss.o)
__data_end                                        C:/WINAVR/BIN/../lib/gcc/avr/3.4.3/avr5\libgcc.a(_copy_data.o)
__data_load_start                                 C:/WINAVR/BIN/../lib/gcc/avr/3.4.3/avr5\libgcc.a(_copy_data.o)
__data_start                                      C:/WINAVR/BIN/../lib/gcc/avr/3.4.3/avr5\libgcc.a(_copy_data.o)
__divmodsi4                                       C:/WINAVR/BIN/../lib/gcc/avr/3.4.3/avr5\libgcc.a(_divmodsi4.o)
                                                  sercom.o
__do_clear_bss                                    C:/WINAVR/BIN/../lib/gcc/avr/3.4.3/avr5\libgcc.a(_clear_bss.o)
                                                  sercom.o
                                                  boot.o
__do_copy_data                                    C:/WINAVR/BIN/../lib/gcc/avr/3.4.3/avr5\libgcc.a(_copy_data.o)
                                                  sercom.o
                                                  boot.o
__heap_end                                        C:/WINAVR/BIN/../lib/gcc/avr/3.4.3/../../../../avr/lib/avr5/crtm32.o
__init                                            C:/WINAVR/BIN/../lib/gcc/avr/3.4.3/../../../../avr/lib/avr5/crtm32.o
__stack                                           C:/WINAVR/BIN/../lib/gcc/avr/3.4.3/../../../../avr/lib/avr5/crtm32.o
                                                  boot.o
__udivmodsi4                                      C:/WINAVR/BIN/../lib/gcc/avr/3.4.3/avr5\libgcc.a(_udivmodsi4.o)
                                                  C:/WINAVR/BIN/../lib/gcc/avr/3.4.3/avr5\libgcc.a(_divmodsi4.o)
__vector_1                                        C:/WINAVR/BIN/../lib/gcc/avr/3.4.3/../../../../avr/lib/avr5/crtm32.o
__vector_10                                       C:/WINAVR/BIN/../lib/gcc/avr/3.4.3/../../../../avr/lib/avr5/crtm32.o
__vector_11                                       C:/WINAVR/BIN/../lib/gcc/avr/3.4.3/../../../../avr/lib/avr5/crtm32.o
__vector_12                                       C:/WINAVR/BIN/../lib/gcc/avr/3.4.3/../../../../avr/lib/avr5/crtm32.o
__vector_13                                       C:/WINAVR/BIN/../lib/gcc/avr/3.4.3/../../../../avr/lib/avr5/crtm32.o
__vector_14                                       C:/WINAVR/BIN/../lib/gcc/avr/3.4.3/../../../../avr/lib/avr5/crtm32.o
__vector_15                                       C:/WINAVR/BIN/../lib/gcc/avr/3.4.3/../../../../avr/lib/avr5/crtm32.o
__vector_16                                       C:/WINAVR/BIN/../lib/gcc/avr/3.4.3/../../../../avr/lib/avr5/crtm32.o
__vector_17                                       C:/WINAVR/BIN/../lib/gcc/avr/3.4.3/../../../../avr/lib/avr5/crtm32.o
__vector_18                                       C:/WINAVR/BIN/../lib/gcc/avr/3.4.3/../../../../avr/lib/avr5/crtm32.o
__vector_19                                       C:/WINAVR/BIN/../lib/gcc/avr/3.4.3/../../../../avr/lib/avr5/crtm32.o
__vector_2                                        C:/WINAVR/BIN/../lib/gcc/avr/3.4.3/../../../../avr/lib/avr5/crtm32.o
__vector_20                                       C:/WINAVR/BIN/../lib/gcc/avr/3.4.3/../../../../avr/lib/avr5/crtm32.o
__vector_3                                        C:/WINAVR/BIN/../lib/gcc/avr/3.4.3/../../../../avr/lib/avr5/crtm32.o
__vector_4                                        C:/WINAVR/BIN/../lib/gcc/avr/3.4.3/../../../../avr/lib/avr5/crtm32.o
__vector_5                                        C:/WINAVR/BIN/../lib/gcc/avr/3.4.3/../../../../avr/lib/avr5/crtm32.o
__vector_6                                        C:/WINAVR/BIN/../lib/gcc/avr/3.4.3/../../../../avr/lib/avr5/crtm32.o
__vector_7                                        C:/WINAVR/BIN/../lib/gcc/avr/3.4.3/../../../../avr/lib/avr5/crtm32.o
__vector_8                                        C:/WINAVR/BIN/../lib/gcc/avr/3.4.3/../../../../avr/lib/avr5/crtm32.o
__vector_9                                        C:/WINAVR/BIN/../lib/gcc/avr/3.4.3/../../../../avr/lib/avr5/crtm32.o
__vector_default                                  C:/WINAVR/BIN/../lib/gcc/avr/3.4.3/../../../../avr/lib/avr5/crtm32.o
__vectors                                         C:/WINAVR/BIN/../lib/gcc/avr/3.4.3/../../../../avr/lib/avr5/crtm32.o
_exit                                             C:/WINAVR/BIN/../lib/gcc/avr/3.4.3/avr5\libgcc.a(_exit.o)
ascii_to_bin                                      boot.o
buf_address                                       boot.o
exit                                              C:/WINAVR/BIN/../lib/gcc/avr/3.4.3/avr5\libgcc.a(_exit.o)
                                                  boot.o
ihex_load                                         boot.o
jump_to_app                                       boot.o
main                                              boot.o
                                                  C:/WINAVR/BIN/../lib/gcc/avr/3.4.3/../../../../avr/lib/avr5/crtm32.o
page_data                                         boot.o
