Archive member included because of file (symbol)

C:/WinAVR/bin/../lib/gcc/avr/3.4.3/../../../../avr/lib/avr4\libprintf_min.a(vfprintf_min.o)
                              (vfprintf)
C:/WinAVR/bin/../lib/gcc/avr/3.4.3/avr4\libgcc.a(_udivmodsi4.o)
                              C:/WinAVR/bin/../lib/gcc/avr/3.4.3/../../../../avr/lib/avr4\libprintf_min.a(vfprintf_min.o) (__udivmodsi4)
C:/WinAVR/bin/../lib/gcc/avr/3.4.3/avr4\libgcc.a(_prologue.o)
                              C:/WinAVR/bin/../lib/gcc/avr/3.4.3/../../../../avr/lib/avr4\libprintf_min.a(vfprintf_min.o) (__prologue_saves__)
C:/WinAVR/bin/../lib/gcc/avr/3.4.3/avr4\libgcc.a(_epilogue.o)
                              C:/WinAVR/bin/../lib/gcc/avr/3.4.3/../../../../avr/lib/avr4\libprintf_min.a(vfprintf_min.o) (__epilogue_restores__)
C:/WinAVR/bin/../lib/gcc/avr/3.4.3/avr4\libgcc.a(_copy_data.o)
                              main.o (__do_copy_data)
C:/WinAVR/bin/../lib/gcc/avr/3.4.3/avr4\libgcc.a(_clear_bss.o)
                              main.o (__do_clear_bss)
C:/WinAVR/bin/../lib/gcc/avr/3.4.3/../../../../avr/lib/avr4\libc.a(fdevopen.o)
                              UART.o (fdevopen)
C:/WinAVR/bin/../lib/gcc/avr/3.4.3/../../../../avr/lib/avr4\libc.a(fputc.o)
                              C:/WinAVR/bin/../lib/gcc/avr/3.4.3/../../../../avr/lib/avr4\libprintf_min.a(vfprintf_min.o) (fputc)
C:/WinAVR/bin/../lib/gcc/avr/3.4.3/../../../../avr/lib/avr4\libc.a(printf_p.o)
                              main.o (printf_P)
C:/WinAVR/bin/../lib/gcc/avr/3.4.3/../../../../avr/lib/avr4\libc.a(scanf.o)
                              main.o (scanf)
C:/WinAVR/bin/../lib/gcc/avr/3.4.3/../../../../avr/lib/avr4\libc.a(strlen_P.o)
                              C:/WinAVR/bin/../lib/gcc/avr/3.4.3/../../../../avr/lib/avr4\libprintf_min.a(vfprintf_min.o) (strlen_P)
C:/WinAVR/bin/../lib/gcc/avr/3.4.3/../../../../avr/lib/avr4\libc.a(vfscanf_std.o)
                              C:/WinAVR/bin/../lib/gcc/avr/3.4.3/../../../../avr/lib/avr4\libc.a(scanf.o) (vfscanf)
C:/WinAVR/bin/../lib/gcc/avr/3.4.3/../../../../avr/lib/avr4\libc.a(calloc.o)
                              C:/WinAVR/bin/../lib/gcc/avr/3.4.3/../../../../avr/lib/avr4\libc.a(fdevopen.o) (calloc)
C:/WinAVR/bin/../lib/gcc/avr/3.4.3/../../../../avr/lib/avr4\libc.a(fgetc.o)
                              C:/WinAVR/bin/../lib/gcc/avr/3.4.3/../../../../avr/lib/avr4\libc.a(vfscanf_std.o) (fgetc)
C:/WinAVR/bin/../lib/gcc/avr/3.4.3/../../../../avr/lib/avr4\libc.a(isspace.o)
                              C:/WinAVR/bin/../lib/gcc/avr/3.4.3/../../../../avr/lib/avr4\libc.a(vfscanf_std.o) (isspace)
C:/WinAVR/bin/../lib/gcc/avr/3.4.3/../../../../avr/lib/avr4\libc.a(malloc.o)
                              C:/WinAVR/bin/../lib/gcc/avr/3.4.3/../../../../avr/lib/avr4\libc.a(calloc.o) (malloc)
C:/WinAVR/bin/../lib/gcc/avr/3.4.3/../../../../avr/lib/avr4\libc.a(memset.o)
                              C:/WinAVR/bin/../lib/gcc/avr/3.4.3/../../../../avr/lib/avr4\libc.a(calloc.o) (memset)
C:/WinAVR/bin/../lib/gcc/avr/3.4.3/../../../../avr/lib/avr4\libc.a(tolower.o)
                              C:/WinAVR/bin/../lib/gcc/avr/3.4.3/../../../../avr/lib/avr4\libc.a(vfscanf_std.o) (tolower)
C:/WinAVR/bin/../lib/gcc/avr/3.4.3/../../../../avr/lib/avr4\libc.a(ungetc.o)
                              C:/WinAVR/bin/../lib/gcc/avr/3.4.3/../../../../avr/lib/avr4\libc.a(vfscanf_std.o) (ungetc)
C:/WinAVR/bin/../lib/gcc/avr/3.4.3/../../../../avr/lib/avr4\libc.a(cty_isfalse.o)
                              C:/WinAVR/bin/../lib/gcc/avr/3.4.3/../../../../avr/lib/avr4\libc.a(isspace.o) (__ctype_isfalse)
C:/WinAVR/bin/../lib/gcc/avr/3.4.3/../../../../avr/lib/avr4\libc.a(isalpha.o)
                              C:/WinAVR/bin/../lib/gcc/avr/3.4.3/../../../../avr/lib/avr4\libc.a(tolower.o) (isalpha)
C:/WinAVR/bin/../lib/gcc/avr/3.4.3/avr4\libgcc.a(_mulsi3.o)
                              C:/WinAVR/bin/../lib/gcc/avr/3.4.3/../../../../avr/lib/avr4\libc.a(vfscanf_std.o) (__mulsi3)

Allocating common symbols
Common symbol       size              file

r_in                0x1               UART.o
__brkval            0x2               C:/WinAVR/bin/../lib/gcc/avr/3.4.3/../../../../avr/lib/avr4\libc.a(malloc.o)
rbuf                0x20              UART.o
t_in                0x1               UART.o
r_out               0x1               UART.o
t_out               0x1               UART.o
__flp               0x2               C:/WinAVR/bin/../lib/gcc/avr/3.4.3/../../../../avr/lib/avr4\libc.a(malloc.o)
tbuf                0x20              UART.o
__iob               0x6               C:/WinAVR/bin/../lib/gcc/avr/3.4.3/../../../../avr/lib/avr4\libc.a(fdevopen.o)

Memory Configuration

Name             Origin             Length             Attributes
text             0x00000000         0x00002000         xr
data             0x00800060         0x0000ffa0         rw !x
eeprom           0x00810000         0x00010000         rw !x
*default*        0x00000000         0xffffffff

Linker script and memory map

LOAD C:/WinAVR/bin/../lib/gcc/avr/3.4.3/../../../../avr/lib/avr4/crtm8.o
LOAD main.o
LOAD UART.o
LOAD C:/WinAVR/bin/../lib/gcc/avr/3.4.3/../../../../avr/lib/avr4\libprintf_min.a
LOAD C:/WinAVR/bin/../lib/gcc/avr/3.4.3/../../../../avr/lib/avr4\libm.a
LOAD C:/WinAVR/bin/../lib/gcc/avr/3.4.3/avr4\libgcc.a
LOAD C:/WinAVR/bin/../lib/gcc/avr/3.4.3/../../../../avr/lib/avr4\libc.a
LOAD C:/WinAVR/bin/../lib/gcc/avr/3.4.3/avr4\libgcc.a

.hash
 *(.hash)

.dynsym
 *(.dynsym)

.dynstr
 *(.dynstr)

.gnu.version
 *(.gnu.version)

.gnu.version_d
 *(.gnu.version_d)

.gnu.version_r
 *(.gnu.version_r)

.rel.init
 *(.rel.init)

.rela.init
 *(.rela.init)

.rel.text
 *(.rel.text)
 *(.rel.text.*)
 *(.rel.gnu.linkonce.t*)

.rela.text
 *(.rela.text)
 *(.rela.text.*)
 *(.rela.gnu.linkonce.t*)

.rel.fini
 *(.rel.fini)

.rela.fini
 *(.rela.fini)

.rel.rodata
 *(.rel.rodata)
 *(.rel.rodata.*)
 *(.rel.gnu.linkonce.r*)

.rela.rodata
 *(.rela.rodata)
 *(.rela.rodata.*)
 *(.rela.gnu.linkonce.r*)

.rel.data
 *(.rel.data)
 *(.rel.data.*)
 *(.rel.gnu.linkonce.d*)

.rela.data
 *(.rela.data)
 *(.rela.data.*)
 *(.rela.gnu.linkonce.d*)

.rel.ctors
 *(.rel.ctors)

.rela.ctors
 *(.rela.ctors)

.rel.dtors
 *(.rel.dtors)

.rela.dtors
 *(.rela.dtors)

.rel.got
 *(.rel.got)

.rela.got
 *(.rela.got)

.rel.bss
 *(.rel.bss)

.rela.bss
 *(.rela.bss)

.rel.plt
 *(.rel.plt)

.rela.plt
 *(.rela.plt)

.text           0x00000000      0xf10
 *(.vectors)
 .vectors       0x00000000       0x26 C:/WinAVR/bin/../lib/gcc/avr/3.4.3/../../../../avr/lib/avr4/crtm8.o
                0x00000000                __vectors
                0x00000000                __vector_default
                0x00000026                __ctors_start = .
 *(.ctors)
                0x00000026                __ctors_end = .
                0x00000026                __dtors_start = .
 *(.dtors)
                0x00000026                __dtors_end = .
 *(.progmem.gcc*)
 *(.progmem*)
 .progmem.data  0x00000026       0x22 main.o
                0x00000048                . = ALIGN (0x2)
 *(.init0)
 *(.init1)
 *(.init2)
 .init2         0x00000048        0xc C:/WinAVR/bin/../lib/gcc/avr/3.4.3/../../../../avr/lib/avr4/crtm8.o
 *(.init3)
 *(.init4)
 .init4         0x00000054       0x16 C:/WinAVR/bin/../lib/gcc/avr/3.4.3/avr4\libgcc.a(_copy_data.o)
                0x00000054                __do_copy_data
 .init4         0x0000006a       0x10 C:/WinAVR/bin/../lib/gcc/avr/3.4.3/avr4\libgcc.a(_clear_bss.o)
                0x0000006a                __do_clear_bss
 *(.init5)
 *(.init6)
 *(.init7)
 *(.init8)
 *(.init9)
 .init9         0x0000007a        0x2 C:/WinAVR/bin/../lib/gcc/avr/3.4.3/../../../../avr/lib/avr4/crtm8.o
 *(.text)
 .text          0x0000007c        0x2 C:/WinAVR/bin/../lib/gcc/avr/3.4.3/../../../../avr/lib/avr4/crtm8.o
                0x0000007c                __vector_1
                0x0000007c                __bad_interrupt
                0x0000007c                __vector_6
                0x0000007c                __vector_3
                0x0000007c                __vector_13
                0x0000007c                __vector_17
                0x0000007c                __vector_7
                0x0000007c                __vector_5
                0x0000007c                __vector_4
                0x0000007c                __vector_9
                0x0000007c                __vector_2
                0x0000007c                __vector_15
                0x0000007c                __vector_8
                0x0000007c                __vector_14
                0x0000007c                __vector_10
                0x0000007c                __vector_16
                0x0000007c                __vector_18
 .text          0x0000007e       0x50 main.o
                0x0000007e                main
 .text          0x000000ce      0x12c UART.o
                0x00000110                __vector_12
                0x000001aa                rbuflen
                0x00000162                tbuflen
                0x000000ce                __vector_11
                0x000001e0                UART_first_init
                0x000001b8                UART_getchar
                0x00000170                UART_putchar
 .text          0x000001fa      0x33e C:/WinAVR/bin/../lib/gcc/avr/3.4.3/../../../../avr/lib/avr4\libprintf_min.a(vfprintf_min.o)
                0x000001fa                vfprintf
 .text          0x00000538       0x88 C:/WinAVR/bin/../lib/gcc/avr/3.4.3/../../../../avr/lib/avr4\libc.a(fdevopen.o)
                0x00000538                fdevopen
 .text          0x000005c0       0x5a C:/WinAVR/bin/../lib/gcc/avr/3.4.3/../../../../avr/lib/avr4\libc.a(fputc.o)
                0x000005c0                fputc
 .text          0x0000061a       0x48 C:/WinAVR/bin/../lib/gcc/avr/3.4.3/../../../../avr/lib/avr4\libc.a(printf_p.o)
                0x0000061a                printf_P
 .text          0x00000662       0x28 C:/WinAVR/bin/../lib/gcc/avr/3.4.3/../../../../avr/lib/avr4\libc.a(scanf.o)
                0x00000662                scanf
 .text          0x0000068a       0x12 C:/WinAVR/bin/../lib/gcc/avr/3.4.3/../../../../avr/lib/avr4\libc.a(strlen_P.o)
                0x0000068a                strlen_P
 .text          0x0000069c      0x45e C:/WinAVR/bin/../lib/gcc/avr/3.4.3/../../../../avr/lib/avr4\libc.a(vfscanf_std.o)
                0x0000069c                vfscanf
 .text          0x00000afa       0x34 C:/WinAVR/bin/../lib/gcc/avr/3.4.3/../../../../avr/lib/avr4\libc.a(calloc.o)
                0x00000afa                calloc
 .text          0x00000b2e       0x7a C:/WinAVR/bin/../lib/gcc/avr/3.4.3/../../../../avr/lib/avr4\libc.a(fgetc.o)
                0x00000b2e                fgetc
 .text          0x00000ba8      0x1ec C:/WinAVR/bin/../lib/gcc/avr/3.4.3/../../../../avr/lib/avr4\libc.a(malloc.o)
                0x00000ba8                malloc
                0x00000cdc                free
 .text          0x00000d94        0xe C:/WinAVR/bin/../lib/gcc/avr/3.4.3/../../../../avr/lib/avr4\libc.a(memset.o)
                0x00000d94                memset
 .text          0x00000da2       0x3a C:/WinAVR/bin/../lib/gcc/avr/3.4.3/../../../../avr/lib/avr4\libc.a(ungetc.o)
                0x00000da2                ungetc
                0x00000ddc                . = ALIGN (0x2)
 *(.text.*)
 .text.libgcc   0x00000ddc       0x44 C:/WinAVR/bin/../lib/gcc/avr/3.4.3/avr4\libgcc.a(_udivmodsi4.o)
                0x00000ddc                __udivmodsi4
 .text.libgcc   0x00000e20       0x38 C:/WinAVR/bin/../lib/gcc/avr/3.4.3/avr4\libgcc.a(_prologue.o)
                0x00000e20                __prologue_saves__
 .text.libgcc   0x00000e58       0x36 C:/WinAVR/bin/../lib/gcc/avr/3.4.3/avr4\libgcc.a(_epilogue.o)
                0x00000e58                __epilogue_restores__
 .text.ctype    0x00000e8e       0x1e C:/WinAVR/bin/../lib/gcc/avr/3.4.3/../../../../avr/lib/avr4\libc.a(isspace.o)
                0x00000e8e                isspace
 .text.ctype    0x00000eac        0xc C:/WinAVR/bin/../lib/gcc/avr/3.4.3/../../../../avr/lib/avr4\libc.a(tolower.o)
                0x00000eac                tolower
 .text.ctype    0x00000eb8        0x6 C:/WinAVR/bin/../lib/gcc/avr/3.4.3/../../../../avr/lib/avr4\libc.a(cty_isfalse.o)
                0x00000ebc                __ctype_istrue
                0x00000eb8                __ctype_isfalse
 .text.ctype    0x00000ebe       0x14 C:/WinAVR/bin/../lib/gcc/avr/3.4.3/../../../../avr/lib/avr4\libc.a(isalpha.o)
                0x00000ec4                islower
                0x00000ebe                isupper
                0x00000ec2                isalpha
 .text.libgcc   0x00000ed2       0x3e C:/WinAVR/bin/../lib/gcc/avr/3.4.3/avr4\libgcc.a(_mulsi3.o)
                0x00000ed2                __mulsi3
                0x00000f10                . = ALIGN (0x2)
 *(.fini9)
 *(.fini8)
 *(.fini7)
 *(.fini6)
 *(.fini5)
 *(.fini4)
 *(.fini3)
 *(.fini2)
 *(.fini1)
 *(.fini0)
                0x00000f10                _etext = .

.data           0x00800060        0xa load address 0x00000f10
                0x00800060                PROVIDE (__data_start, .)
 *(.data)
 .data          0x00800060        0x3 main.o
 .data          0x00800063        0x6 C:/WinAVR/bin/../lib/gcc/avr/3.4.3/../../../../avr/lib/avr4\libc.a(malloc.o)
                0x00800065                __malloc_heap_start
                0x00800063                __malloc_heap_end
                0x00800067                __malloc_margin
 *(.gnu.linkonce.d*)
                0x0080006a                . = ALIGN (0x2)
 *fill*         0x00800069        0x1 00
                0x0080006a                _edata = .
                0x0080006a                PROVIDE (__data_end, .)

.bss            0x0080006a       0x4e
                0x0080006a                PROVIDE (__bss_start, .)
 *(.bss)
 *(COMMON)
 COMMON         0x0080006a       0x44 UART.o
                                  0x0 (size before relaxing)
                0x0080006a                r_in
                0x0080006b                rbuf
                0x0080008b                t_in
                0x0080008c                r_out
                0x0080008d                t_out
                0x0080008e                tbuf
 COMMON         0x008000ae        0x6 C:/WinAVR/bin/../lib/gcc/avr/3.4.3/../../../../avr/lib/avr4\libc.a(fdevopen.o)
                                  0x0 (size before relaxing)
                0x008000ae                __iob
 COMMON         0x008000b4        0x4 C:/WinAVR/bin/../lib/gcc/avr/3.4.3/../../../../avr/lib/avr4\libc.a(malloc.o)
                                  0x0 (size before relaxing)
                0x008000b4                __brkval
                0x008000b6                __flp
                0x008000b8                PROVIDE (__bss_end, .)
                0x00000f10                __data_load_start = LOADADDR (.data)
                0x00000f1a                __data_load_end = (__data_load_start + SIZEOF (.data))

.noinit         0x008000b8        0x0
                0x008000b8                PROVIDE (__noinit_start, .)
 *(.noinit*)
                0x008000b8                PROVIDE (__noinit_end, .)
                0x008000b8                _end = .
                0x008000b8                PROVIDE (__heap_start, .)

.eeprom         0x00810000        0x0
 *(.eeprom*)
                0x00810000                __eeprom_end = .

.stab
 *(.stab)

.stabstr
 *(.stabstr)

.stab.excl
 *(.stab.excl)

.stab.exclstr
 *(.stab.exclstr)

.stab.index
 *(.stab.index)

.stab.indexstr
 *(.stab.indexstr)

.comment
 *(.comment)

.debug
 *(.debug)

.line
 *(.line)

.debug_srcinfo
 *(.debug_srcinfo)

.debug_sfnames
 *(.debug_sfnames)

.debug_aranges  0x00000000       0x28
 *(.debug_aranges)
 .debug_aranges
                0x00000000       0x14 main.o
 .debug_aranges
                0x00000014       0x14 UART.o

.debug_pubnames
                0x00000000       0xd3
 *(.debug_pubnames)
 .debug_pubnames
                0x00000000       0x1b main.o
 .debug_pubnames
                0x0000001b       0xb8 UART.o

.debug_info     0x00000000      0x2a1
 *(.debug_info)
 .debug_info    0x00000000       0xe0 main.o
 .debug_info    0x000000e0      0x1c1 UART.o
 *(.gnu.linkonce.wi.*)

.debug_abbrev   0x00000000      0x132
 *(.debug_abbrev)
 .debug_abbrev  0x00000000       0x64 main.o
 .debug_abbrev  0x00000064       0xce UART.o

.debug_line     0x00000000      0x294
 *(.debug_line)
 .debug_line    0x00000000      0x108 main.o
 .debug_line    0x00000108      0x18c UART.o

.debug_frame
 *(.debug_frame)

.debug_str      0x00000000      0x12c
 *(.debug_str)
 .debug_str     0x00000000       0xb3 main.o
                                0x104 (size before relaxing)
 .debug_str     0x000000b3       0x79 UART.o
                                0x137 (size before relaxing)

.debug_loc
 *(.debug_loc)

.debug_macinfo
 *(.debug_macinfo)
OUTPUT(main.elf elf32-avr)

Cross Reference Table

Symbol                                            File
UART_first_init                                   UART.o
                                                  main.o
UART_getchar                                      UART.o
UART_putchar                                      UART.o
__bad_interrupt                                   C:/WinAVR/bin/../lib/gcc/avr/3.4.3/../../../../avr/lib/avr4/crtm8.o
__brkval                                          C:/WinAVR/bin/../lib/gcc/avr/3.4.3/../../../../avr/lib/avr4\libc.a(malloc.o)
__bss_end                                         C:/WinAVR/bin/../lib/gcc/avr/3.4.3/avr4\libgcc.a(_clear_bss.o)
__bss_start                                       C:/WinAVR/bin/../lib/gcc/avr/3.4.3/avr4\libgcc.a(_clear_bss.o)
__ctype_isfalse                                   C:/WinAVR/bin/../lib/gcc/avr/3.4.3/../../../../avr/lib/avr4\libc.a(cty_isfalse.o)
                                                  C:/WinAVR/bin/../lib/gcc/avr/3.4.3/../../../../avr/lib/avr4\libc.a(isalpha.o)
                                                  C:/WinAVR/bin/../lib/gcc/avr/3.4.3/../../../../avr/lib/avr4\libc.a(isspace.o)
__ctype_istrue                                    C:/WinAVR/bin/../lib/gcc/avr/3.4.3/../../../../avr/lib/avr4\libc.a(cty_isfalse.o)
                                                  C:/WinAVR/bin/../lib/gcc/avr/3.4.3/../../../../avr/lib/avr4\libc.a(isspace.o)
__data_end                                        C:/WinAVR/bin/../lib/gcc/avr/3.4.3/avr4\libgcc.a(_copy_data.o)
__data_load_start                                 C:/WinAVR/bin/../lib/gcc/avr/3.4.3/avr4\libgcc.a(_copy_data.o)
__data_start                                      C:/WinAVR/bin/../lib/gcc/avr/3.4.3/avr4\libgcc.a(_copy_data.o)
__do_clear_bss                                    C:/WinAVR/bin/../lib/gcc/avr/3.4.3/avr4\libgcc.a(_clear_bss.o)
                                                  C:/WinAVR/bin/../lib/gcc/avr/3.4.3/../../../../avr/lib/avr4\libc.a(ungetc.o)
                                                  C:/WinAVR/bin/../lib/gcc/avr/3.4.3/../../../../avr/lib/avr4\libc.a(malloc.o)
                                                  C:/WinAVR/bin/../lib/gcc/avr/3.4.3/../../../../avr/lib/avr4\libc.a(fgetc.o)
                                                  C:/WinAVR/bin/../lib/gcc/avr/3.4.3/../../../../avr/lib/avr4\libc.a(calloc.o)
                                                  C:/WinAVR/bin/../lib/gcc/avr/3.4.3/../../../../avr/lib/avr4\libc.a(vfscanf_std.o)
                                                  C:/WinAVR/bin/../lib/gcc/avr/3.4.3/../../../../avr/lib/avr4\libc.a(scanf.o)
                                                  C:/WinAVR/bin/../lib/gcc/avr/3.4.3/../../../../avr/lib/avr4\libc.a(printf_p.o)
                                                  C:/WinAVR/bin/../lib/gcc/avr/3.4.3/../../../../avr/lib/avr4\libc.a(fputc.o)
                                                  C:/WinAVR/bin/../lib/gcc/avr/3.4.3/../../../../avr/lib/avr4\libc.a(fdevopen.o)
                                                  C:/WinAVR/bin/../lib/gcc/avr/3.4.3/../../../../avr/lib/avr4\libprintf_min.a(vfprintf_min.o)
                                                  UART.o
                                                  main.o
__do_copy_data                                    C:/WinAVR/bin/../lib/gcc/avr/3.4.3/avr4\libgcc.a(_copy_data.o)
                                                  C:/WinAVR/bin/../lib/gcc/avr/3.4.3/../../../../avr/lib/avr4\libc.a(ungetc.o)
                                                  C:/WinAVR/bin/../lib/gcc/avr/3.4.3/../../../../avr/lib/avr4\libc.a(malloc.o)
                                                  C:/WinAVR/bin/../lib/gcc/avr/3.4.3/../../../../avr/lib/avr4\libc.a(fgetc.o)
                                                  C:/WinAVR/bin/../lib/gcc/avr/3.4.3/../../../../avr/lib/avr4\libc.a(calloc.o)
                                                  C:/WinAVR/bin/../lib/gcc/avr/3.4.3/../../../../avr/lib/avr4\libc.a(vfscanf_std.o)
                                                  C:/WinAVR/bin/../lib/gcc/avr/3.4.3/../../../../avr/lib/avr4\libc.a(scanf.o)
                                                  C:/WinAVR/bin/../lib/gcc/avr/3.4.3/../../../../avr/lib/avr4\libc.a(printf_p.o)
                                                  C:/WinAVR/bin/../lib/gcc/avr/3.4.3/../../../../avr/lib/avr4\libc.a(fputc.o)
                                                  C:/WinAVR/bin/../lib/gcc/avr/3.4.3/../../../../avr/lib/avr4\libc.a(fdevopen.o)
                                                  C:/WinAVR/bin/../lib/gcc/avr/3.4.3/../../../../avr/lib/avr4\libprintf_min.a(vfprintf_min.o)
                                                  UART.o
                                                  main.o
__epilogue_restores__                             C:/WinAVR/bin/../lib/gcc/avr/3.4.3/avr4\libgcc.a(_epilogue.o)
                                                  C:/WinAVR/bin/../lib/gcc/avr/3.4.3/../../../../avr/lib/avr4\libc.a(vfscanf_std.o)
                                                  C:/WinAVR/bin/../lib/gcc/avr/3.4.3/../../../../avr/lib/avr4\libc.a(scanf.o)
                                                  C:/WinAVR/bin/../lib/gcc/avr/3.4.3/../../../../avr/lib/avr4\libc.a(printf_p.o)
                                                  C:/WinAVR/bin/../lib/gcc/avr/3.4.3/../../../../avr/lib/avr4\libprintf_min.a(vfprintf_min.o)
__flp                                             C:/WinAVR/bin/../lib/gcc/avr/3.4.3/../../../../avr/lib/avr4\libc.a(malloc.o)
__heap_end                                        C:/WinAVR/bin/../lib/gcc/avr/3.4.3/../../../../avr/lib/avr4/crtm8.o
                                                  C:/WinAVR/bin/../lib/gcc/avr/3.4.3/../../../../avr/lib/avr4\libc.a(malloc.o)
__heap_start                                      C:/WinAVR/bin/../lib/gcc/avr/3.4.3/../../../../avr/lib/avr4\libc.a(malloc.o)
__init                                            C:/WinAVR/bin/../lib/gcc/avr/3.4.3/../../../../avr/lib/avr4/crtm8.o
__iob                                             C:/WinAVR/bin/../lib/gcc/avr/3.4.3/../../../../avr/lib/avr4\libc.a(scanf.o)
                                                  C:/WinAVR/bin/../lib/gcc/avr/3.4.3/../../../../avr/lib/avr4\libc.a(printf_p.o)
                                                  C:/WinAVR/bin/../lib/gcc/avr/3.4.3/../../../../avr/lib/avr4\libc.a(fdevopen.o)
__malloc_heap_end                                 C:/WinAVR/bin/../lib/gcc/avr/3.4.3/../../../../avr/lib/avr4\libc.a(malloc.o)
__malloc_heap_start                               C:/WinAVR/bin/../lib/gcc/avr/3.4.3/../../../../avr/lib/avr4\libc.a(malloc.o)
__malloc_margin                                   C:/WinAVR/bin/../lib/gcc/avr/3.4.3/../../../../avr/lib/avr4\libc.a(malloc.o)
__mulsi3                                          C:/WinAVR/bin/../lib/gcc/avr/3.4.3/avr4\libgcc.a(_mulsi3.o)
                                                  C:/WinAVR/bin/../lib/gcc/avr/3.4.3/../../../../avr/lib/avr4\libc.a(vfscanf_std.o)
__prologue_saves__                                C:/WinAVR/bin/../lib/gcc/avr/3.4.3/avr4\libgcc.a(_prologue.o)
                                                  C:/WinAVR/bin/../lib/gcc/avr/3.4.3/../../../../avr/lib/avr4\libc.a(vfscanf_std.o)
                                                  C:/WinAVR/bin/../lib/gcc/avr/3.4.3/../../../../avr/lib/avr4\libc.a(scanf.o)
                                                  C:/WinAVR/bin/../lib/gcc/avr/3.4.3/../../../../avr/lib/avr4\libc.a(printf_p.o)
                                                  C:/WinAVR/bin/../lib/gcc/avr/3.4.3/../../../../avr/lib/avr4\libprintf_min.a(vfprintf_min.o)
__stack                                           C:/WinAVR/bin/../lib/gcc/avr/3.4.3/../../../../avr/lib/avr4/crtm8.o
                                                  main.o
__udivmodsi4                                      C:/WinAVR/bin/../lib/gcc/avr/3.4.3/avr4\libgcc.a(_udivmodsi4.o)
                                                  C:/WinAVR/bin/../lib/gcc/avr/3.4.3/../../../../avr/lib/avr4\libprintf_min.a(vfprintf_min.o)
__vector_1                                        C:/WinAVR/bin/../lib/gcc/avr/3.4.3/../../../../avr/lib/avr4/crtm8.o
__vector_10                                       C:/WinAVR/bin/../lib/gcc/avr/3.4.3/../../../../avr/lib/avr4/crtm8.o
__vector_11                                       UART.o
                                                  C:/WinAVR/bin/../lib/gcc/avr/3.4.3/../../../../avr/lib/avr4/crtm8.o
__vector_12                                       UART.o
                                                  C:/WinAVR/bin/../lib/gcc/avr/3.4.3/../../../../avr/lib/avr4/crtm8.o
__vector_13                                       C:/WinAVR/bin/../lib/gcc/avr/3.4.3/../../../../avr/lib/avr4/crtm8.o
__vector_14                                       C:/WinAVR/bin/../lib/gcc/avr/3.4.3/../../../../avr/lib/avr4/crtm8.o
__vector_15                                       C:/WinAVR/bin/../lib/gcc/avr/3.4.3/../../../../avr/lib/avr4/crtm8.o
__vector_16                                       C:/WinAVR/bin/../lib/gcc/avr/3.4.3/../../../../avr/lib/avr4/crtm8.o
__vector_17                                       C:/WinAVR/bin/../lib/gcc/avr/3.4.3/../../../../avr/lib/avr4/crtm8.o
__vector_18                                       C:/WinAVR/bin/../lib/gcc/avr/3.4.3/../../../../avr/lib/avr4/crtm8.o
__vector_2                                        C:/WinAVR/bin/../lib/gcc/avr/3.4.3/../../../../avr/lib/avr4/crtm8.o
__vector_3                                        C:/WinAVR/bin/../lib/gcc/avr/3.4.3/../../../../avr/lib/avr4/crtm8.o
__vector_4                                        C:/WinAVR/bin/../lib/gcc/avr/3.4.3/../../../../avr/lib/avr4/crtm8.o
__vector_5                                        C:/WinAVR/bin/../lib/gcc/avr/3.4.3/../../../../avr/lib/avr4/crtm8.o
__vector_6                                        C:/WinAVR/bin/../lib/gcc/avr/3.4.3/../../../../avr/lib/avr4/crtm8.o
__vector_7                                        C:/WinAVR/bin/../lib/gcc/avr/3.4.3/../../../../avr/lib/avr4/crtm8.o
__vector_8                                        C:/WinAVR/bin/../lib/gcc/avr/3.4.3/../../../../avr/lib/avr4/crtm8.o
__vector_9                                        C:/WinAVR/bin/../lib/gcc/avr/3.4.3/../../../../avr/lib/avr4/crtm8.o
__vector_default                                  C:/WinAVR/bin/../lib/gcc/avr/3.4.3/../../../../avr/lib/avr4/crtm8.o
__vectors                                         C:/WinAVR/bin/../lib/gcc/avr/3.4.3/../../../../avr/lib/avr4/crtm8.o
calloc                                            C:/WinAVR/bin/../lib/gcc/avr/3.4.3/../../../../avr/lib/avr4\libc.a(calloc.o)
                                                  C:/WinAVR/bin/../lib/gcc/avr/3.4.3/../../../../avr/lib/avr4\libc.a(fdevopen.o)
fdevopen                                          C:/WinAVR/bin/../lib/gcc/avr/3.4.3/../../../../avr/lib/avr4\libc.a(fdevopen.o)
                                                  UART.o
fgetc                                             C:/WinAVR/bin/../lib/gcc/avr/3.4.3/../../../../avr/lib/avr4\libc.a(fgetc.o)
                                                  C:/WinAVR/bin/../lib/gcc/avr/3.4.3/../../../../avr/lib/avr4\libc.a(vfscanf_std.o)
fputc                                             C:/WinAVR/bin/../lib/gcc/avr/3.4.3/../../../../avr/lib/avr4\libc.a(fputc.o)
                                                  C:/WinAVR/bin/../lib/gcc/avr/3.4.3/../../../../avr/lib/avr4\libprintf_min.a(vfprintf_min.o)
free                                              C:/WinAVR/bin/../lib/gcc/avr/3.4.3/../../../../avr/lib/avr4\libc.a(malloc.o)
isalpha                                           C:/WinAVR/bin/../lib/gcc/avr/3.4.3/../../../../avr/lib/avr4\libc.a(isalpha.o)
                                                  C:/WinAVR/bin/../lib/gcc/avr/3.4.3/../../../../avr/lib/avr4\libc.a(tolower.o)
islower                                           C:/WinAVR/bin/../lib/gcc/avr/3.4.3/../../../../avr/lib/avr4\libc.a(isalpha.o)
isspace                                           C:/WinAVR/bin/../lib/gcc/avr/3.4.3/../../../../avr/lib/avr4\libc.a(isspace.o)
                                                  C:/WinAVR/bin/../lib/gcc/avr/3.4.3/../../../../avr/lib/avr4\libc.a(vfscanf_std.o)
isupper                                           C:/WinAVR/bin/../lib/gcc/avr/3.4.3/../../../../avr/lib/avr4\libc.a(isalpha.o)
main                                              main.o
                                                  C:/WinAVR/bin/../lib/gcc/avr/3.4.3/../../../../avr/lib/avr4/crtm8.o
malloc                                            C:/WinAVR/bin/../lib/gcc/avr/3.4.3/../../../../avr/lib/avr4\libc.a(malloc.o)
                                                  C:/WinAVR/bin/../lib/gcc/avr/3.4.3/../../../../avr/lib/avr4\libc.a(calloc.o)
memset                                            C:/WinAVR/bin/../lib/gcc/avr/3.4.3/../../../../avr/lib/avr4\libc.a(memset.o)
                                                  C:/WinAVR/bin/../lib/gcc/avr/3.4.3/../../../../avr/lib/avr4\libc.a(calloc.o)
printf_P                                          C:/WinAVR/bin/../lib/gcc/avr/3.4.3/../../../../avr/lib/avr4\libc.a(printf_p.o)
                                                  main.o
r_in                                              UART.o
r_out                                             UART.o
rbuf                                              UART.o
rbuflen                                           UART.o
scanf                                             C:/WinAVR/bin/../lib/gcc/avr/3.4.3/../../../../avr/lib/avr4\libc.a(scanf.o)
                                                  main.o
strlen_P                                          C:/WinAVR/bin/../lib/gcc/avr/3.4.3/../../../../avr/lib/avr4\libc.a(strlen_P.o)
                                                  C:/WinAVR/bin/../lib/gcc/avr/3.4.3/../../../../avr/lib/avr4\libprintf_min.a(vfprintf_min.o)
t_in                                              UART.o
t_out                                             UART.o
tbuf                                              UART.o
tbuflen                                           UART.o
tolower                                           C:/WinAVR/bin/../lib/gcc/avr/3.4.3/../../../../avr/lib/avr4\libc.a(tolower.o)
                                                  C:/WinAVR/bin/../lib/gcc/avr/3.4.3/../../../../avr/lib/avr4\libc.a(vfscanf_std.o)
ungetc                                            C:/WinAVR/bin/../lib/gcc/avr/3.4.3/../../../../avr/lib/avr4\libc.a(ungetc.o)
                                                  C:/WinAVR/bin/../lib/gcc/avr/3.4.3/../../../../avr/lib/avr4\libc.a(vfscanf_std.o)
vfprintf                                          C:/WinAVR/bin/../lib/gcc/avr/3.4.3/../../../../avr/lib/avr4\libprintf_min.a(vfprintf_min.o)
                                                  C:/WinAVR/bin/../lib/gcc/avr/3.4.3/../../../../avr/lib/avr4\libc.a(printf_p.o)
vfscanf                                           C:/WinAVR/bin/../lib/gcc/avr/3.4.3/../../../../avr/lib/avr4\libc.a(vfscanf_std.o)
                                                  C:/WinAVR/bin/../lib/gcc/avr/3.4.3/../../../../avr/lib/avr4\libc.a(scanf.o)
