Archive member included because of file (symbol)

C:/WinAVR/lib/gcc/avr/3.4.5/avr5\libgcc.a(_copy_data.o)
                              io.o (__do_copy_data)
C:/WinAVR/lib/gcc/avr/3.4.5/avr5\libgcc.a(_clear_bss.o)
                              io.o (__do_clear_bss)

Memory Configuration

Name             Origin             Length             Attributes
text             0x00000000         0x00020000         xr
data             0x00800060         0x0000ffa0         rw !x
eeprom           0x00810000         0x00010000         rw !x
*default*        0x00000000         0xffffffff

Linker script and memory map

LOAD C:/WinAVR/bin/../lib/gcc/avr/3.4.5/../../../../avr/lib/avr5/crtm32.o
LOAD io.o
LOAD Dual_7Segment.o
LOAD DC_motor.o
LOAD ir_tv.o
LOAD C:/WinAVR/bin/../lib/gcc/avr/3.4.5/../../../../avr/lib/avr5\libm.a
LOAD C:/WinAVR/lib/gcc/avr/3.4.5/avr5\libgcc.a
LOAD C:/WinAVR/bin/../lib/gcc/avr/3.4.5/../../../../avr/lib/avr5\libc.a
LOAD C:/WinAVR/lib/gcc/avr/3.4.5/avr5\libgcc.a

.hash
 *(.hash)

.dynsym
 *(.dynsym)

.dynstr
 *(.dynstr)

.gnu.version
 *(.gnu.version)

.gnu.version_d
 *(.gnu.version_d)

.gnu.version_r
 *(.gnu.version_r)

.rel.init
 *(.rel.init)

.rela.init
 *(.rela.init)

.rel.text
 *(.rel.text)
 *(.rel.text.*)
 *(.rel.gnu.linkonce.t*)

.rela.text
 *(.rela.text)
 *(.rela.text.*)
 *(.rela.gnu.linkonce.t*)

.rel.fini
 *(.rel.fini)

.rela.fini
 *(.rela.fini)

.rel.rodata
 *(.rel.rodata)
 *(.rel.rodata.*)
 *(.rel.gnu.linkonce.r*)

.rela.rodata
 *(.rela.rodata)
 *(.rela.rodata.*)
 *(.rela.gnu.linkonce.r*)

.rel.data
 *(.rel.data)
 *(.rel.data.*)
 *(.rel.gnu.linkonce.d*)

.rela.data
 *(.rela.data)
 *(.rela.data.*)
 *(.rela.gnu.linkonce.d*)

.rel.ctors
 *(.rel.ctors)

.rela.ctors
 *(.rela.ctors)

.rel.dtors
 *(.rel.dtors)

.rela.dtors
 *(.rela.dtors)

.rel.got
 *(.rel.got)

.rela.got
 *(.rela.got)

.rel.bss
 *(.rel.bss)

.rela.bss
 *(.rela.bss)

.rel.plt
 *(.rel.plt)

.rela.plt
 *(.rela.plt)

.text           0x00000000      0x4f6
 *(.vectors)
 .vectors       0x00000000       0x54 C:/WinAVR/bin/../lib/gcc/avr/3.4.5/../../../../avr/lib/avr5/crtm32.o
                0x00000000                __vectors
                0x00000000                __vector_default
                0x00000054                __ctors_start = .
 *(.ctors)
                0x00000054                __ctors_end = .
                0x00000054                __dtors_start = .
 *(.dtors)
                0x00000054                __dtors_end = .
 *(.progmem.gcc*)
 *(.progmem*)
                0x00000054                . = ALIGN (0x2)
 *(.init0)
 *(.init1)
 *(.init2)
 .init2         0x00000054        0xc C:/WinAVR/bin/../lib/gcc/avr/3.4.5/../../../../avr/lib/avr5/crtm32.o
 *(.init3)
 *(.init4)
 .init4         0x00000060       0x16 C:/WinAVR/lib/gcc/avr/3.4.5/avr5\libgcc.a(_copy_data.o)
                0x00000060                __do_copy_data
 .init4         0x00000076       0x10 C:/WinAVR/lib/gcc/avr/3.4.5/avr5\libgcc.a(_clear_bss.o)
                0x00000076                __do_clear_bss
 *(.init5)
 *(.init6)
 *(.init7)
 *(.init8)
 *(.init9)
 .init9         0x00000086        0x4 C:/WinAVR/bin/../lib/gcc/avr/3.4.5/../../../../avr/lib/avr5/crtm32.o
 *(.text)
 .text          0x0000008a        0x4 C:/WinAVR/bin/../lib/gcc/avr/3.4.5/../../../../avr/lib/avr5/crtm32.o
                0x0000008a                __vector_1
                0x0000008a                __vector_12
                0x0000008a                __bad_interrupt
                0x0000008a                __vector_3
                0x0000008a                __vector_11
                0x0000008a                __vector_13
                0x0000008a                __vector_17
                0x0000008a                __vector_19
                0x0000008a                __vector_7
                0x0000008a                __vector_5
                0x0000008a                __vector_4
                0x0000008a                __vector_9
                0x0000008a                __vector_2
                0x0000008a                __vector_15
                0x0000008a                __vector_8
                0x0000008a                __vector_14
                0x0000008a                __vector_10
                0x0000008a                __vector_16
                0x0000008a                __vector_18
                0x0000008a                __vector_20
 .text          0x0000008e      0x28e io.o
                0x000001e2                __vector_6
                0x000000a0                remote_decode
                0x00000248                main
                0x0000008e                delay
 .text          0x0000031c       0xc0 Dual_7Segment.o
                0x0000031c                d7segment_display
                0x000003c8                d7segment_init
 .text          0x000003dc       0x86 DC_motor.o
                0x000003dc                init_motor
                0x00000400                motor_control
 .text          0x00000462       0x94 ir_tv.o
                0x00000474                sony_ir_decode
                0x00000462                init_ir
                0x000004f6                . = ALIGN (0x2)
 *(.text.*)
                0x000004f6                . = ALIGN (0x2)
 *(.fini9)
 *(.fini8)
 *(.fini7)
 *(.fini6)
 *(.fini5)
 *(.fini4)
 *(.fini3)
 *(.fini2)
 *(.fini1)
 *(.fini0)
                0x000004f6                _etext = .

.data           0x00800060        0x4 load address 0x000004f6
                0x00800060                PROVIDE (__data_start, .)
 *(.data)
 .data          0x00800060        0x3 io.o
 *(.gnu.linkonce.d*)
                0x00800064                . = ALIGN (0x2)
 *fill*         0x00800063        0x1 00
                0x00800064                _edata = .
                0x00800064                PROVIDE (__data_end, .)

.bss            0x00800064        0x7
                0x00800064                PROVIDE (__bss_start, .)
 *(.bss)
 .bss           0x00800064        0x2 io.o
                0x00800064                g_mode2
                0x00800065                g_mode1
 .bss           0x00800066        0x5 ir_tv.o
 *(COMMON)
                0x0080006b                PROVIDE (__bss_end, .)
                0x000004f6                __data_load_start = LOADADDR (.data)
                0x000004fa                __data_load_end = (__data_load_start + SIZEOF (.data))

.noinit         0x0080006b        0x0
                0x0080006b                PROVIDE (__noinit_start, .)
 *(.noinit*)
                0x0080006b                PROVIDE (__noinit_end, .)
                0x0080006b                _end = .
                0x0080006b                PROVIDE (__heap_start, .)

.eeprom         0x00810000        0x0
 *(.eeprom*)
                0x00810000                __eeprom_end = .

.stab           0x00000000     0x1464
 *(.stab)
 .stab          0x00000000      0x36c C:/WinAVR/bin/../lib/gcc/avr/3.4.5/../../../../avr/lib/avr5/crtm32.o
 .stab          0x0000036c      0x81c io.o
                                0x828 (size before relaxing)
 .stab          0x00000b88      0x300 Dual_7Segment.o
                                0x4a4 (size before relaxing)
 .stab          0x00000e88      0x30c DC_motor.o
                                0x4bc (size before relaxing)
 .stab          0x00001194      0x2d0 ir_tv.o
                                0x480 (size before relaxing)

.stabstr        0x00000000      0x9a2
 *(.stabstr)
 .stabstr       0x00000000      0x9a2 C:/WinAVR/bin/../lib/gcc/avr/3.4.5/../../../../avr/lib/avr5/crtm32.o

.stab.excl
 *(.stab.excl)

.stab.exclstr
 *(.stab.exclstr)

.stab.index
 *(.stab.index)

.stab.indexstr
 *(.stab.indexstr)

.comment
 *(.comment)

.debug
 *(.debug)

.line
 *(.line)

.debug_srcinfo
 *(.debug_srcinfo)

.debug_sfnames
 *(.debug_sfnames)

.debug_aranges
 *(.debug_aranges)

.debug_pubnames
 *(.debug_pubnames)

.debug_info
 *(.debug_info)
 *(.gnu.linkonce.wi.*)

.debug_abbrev
 *(.debug_abbrev)

.debug_line
 *(.debug_line)

.debug_frame
 *(.debug_frame)

.debug_str
 *(.debug_str)

.debug_loc
 *(.debug_loc)

.debug_macinfo
 *(.debug_macinfo)
OUTPUT(io.elf elf32-avr)

Cross Reference Table

Symbol                                            File
__bad_interrupt                                   C:/WinAVR/bin/../lib/gcc/avr/3.4.5/../../../../avr/lib/avr5/crtm32.o
__bss_end                                         C:/WinAVR/lib/gcc/avr/3.4.5/avr5\libgcc.a(_clear_bss.o)
__bss_start                                       C:/WinAVR/lib/gcc/avr/3.4.5/avr5\libgcc.a(_clear_bss.o)
__data_end                                        C:/WinAVR/lib/gcc/avr/3.4.5/avr5\libgcc.a(_copy_data.o)
__data_load_start                                 C:/WinAVR/lib/gcc/avr/3.4.5/avr5\libgcc.a(_copy_data.o)
__data_start                                      C:/WinAVR/lib/gcc/avr/3.4.5/avr5\libgcc.a(_copy_data.o)
__do_clear_bss                                    C:/WinAVR/lib/gcc/avr/3.4.5/avr5\libgcc.a(_clear_bss.o)
                                                  ir_tv.o
                                                  DC_motor.o
                                                  Dual_7Segment.o
                                                  io.o
__do_copy_data                                    C:/WinAVR/lib/gcc/avr/3.4.5/avr5\libgcc.a(_copy_data.o)
                                                  ir_tv.o
                                                  DC_motor.o
                                                  Dual_7Segment.o
                                                  io.o
__heap_end                                        C:/WinAVR/bin/../lib/gcc/avr/3.4.5/../../../../avr/lib/avr5/crtm32.o
__init                                            C:/WinAVR/bin/../lib/gcc/avr/3.4.5/../../../../avr/lib/avr5/crtm32.o
__stack                                           C:/WinAVR/bin/../lib/gcc/avr/3.4.5/../../../../avr/lib/avr5/crtm32.o
                                                  io.o
__vector_1                                        C:/WinAVR/bin/../lib/gcc/avr/3.4.5/../../../../avr/lib/avr5/crtm32.o
__vector_10                                       C:/WinAVR/bin/../lib/gcc/avr/3.4.5/../../../../avr/lib/avr5/crtm32.o
__vector_11                                       C:/WinAVR/bin/../lib/gcc/avr/3.4.5/../../../../avr/lib/avr5/crtm32.o
__vector_12                                       C:/WinAVR/bin/../lib/gcc/avr/3.4.5/../../../../avr/lib/avr5/crtm32.o
__vector_13                                       C:/WinAVR/bin/../lib/gcc/avr/3.4.5/../../../../avr/lib/avr5/crtm32.o
__vector_14                                       C:/WinAVR/bin/../lib/gcc/avr/3.4.5/../../../../avr/lib/avr5/crtm32.o
__vector_15                                       C:/WinAVR/bin/../lib/gcc/avr/3.4.5/../../../../avr/lib/avr5/crtm32.o
__vector_16                                       C:/WinAVR/bin/../lib/gcc/avr/3.4.5/../../../../avr/lib/avr5/crtm32.o
__vector_17                                       C:/WinAVR/bin/../lib/gcc/avr/3.4.5/../../../../avr/lib/avr5/crtm32.o
__vector_18                                       C:/WinAVR/bin/../lib/gcc/avr/3.4.5/../../../../avr/lib/avr5/crtm32.o
__vector_19                                       C:/WinAVR/bin/../lib/gcc/avr/3.4.5/../../../../avr/lib/avr5/crtm32.o
__vector_2                                        C:/WinAVR/bin/../lib/gcc/avr/3.4.5/../../../../avr/lib/avr5/crtm32.o
__vector_20                                       C:/WinAVR/bin/../lib/gcc/avr/3.4.5/../../../../avr/lib/avr5/crtm32.o
__vector_3                                        C:/WinAVR/bin/../lib/gcc/avr/3.4.5/../../../../avr/lib/avr5/crtm32.o
__vector_4                                        C:/WinAVR/bin/../lib/gcc/avr/3.4.5/../../../../avr/lib/avr5/crtm32.o
__vector_5                                        C:/WinAVR/bin/../lib/gcc/avr/3.4.5/../../../../avr/lib/avr5/crtm32.o
__vector_6                                        io.o
                                                  C:/WinAVR/bin/../lib/gcc/avr/3.4.5/../../../../avr/lib/avr5/crtm32.o
__vector_7                                        C:/WinAVR/bin/../lib/gcc/avr/3.4.5/../../../../avr/lib/avr5/crtm32.o
__vector_8                                        C:/WinAVR/bin/../lib/gcc/avr/3.4.5/../../../../avr/lib/avr5/crtm32.o
__vector_9                                        C:/WinAVR/bin/../lib/gcc/avr/3.4.5/../../../../avr/lib/avr5/crtm32.o
__vector_default                                  C:/WinAVR/bin/../lib/gcc/avr/3.4.5/../../../../avr/lib/avr5/crtm32.o
__vectors                                         C:/WinAVR/bin/../lib/gcc/avr/3.4.5/../../../../avr/lib/avr5/crtm32.o
d7segment_display                                 Dual_7Segment.o
                                                  io.o
d7segment_init                                    Dual_7Segment.o
                                                  io.o
delay                                             io.o
g_mode1                                           io.o
g_mode2                                           io.o
init_ir                                           ir_tv.o
                                                  io.o
init_motor                                        DC_motor.o
                                                  io.o
main                                              io.o
                                                  C:/WinAVR/bin/../lib/gcc/avr/3.4.5/../../../../avr/lib/avr5/crtm32.o
motor_control                                     DC_motor.o
                                                  io.o
remote_decode                                     io.o
sony_ir_decode                                    ir_tv.o
                                                  io.o
