Archive member included because of file (symbol)

C:/WinAVR/bin/../lib/gcc/avr/3.4.3/avr4\libgcc.a(_copy_data.o)
                              test_uart.o (__do_copy_data)
C:/WinAVR/bin/../lib/gcc/avr/3.4.3/avr4\libgcc.a(_clear_bss.o)
                              test_uart.o (__do_clear_bss)
C:/WinAVR/bin/../lib/gcc/avr/3.4.3/../../../../avr/lib/avr4\libc.a(itoa.o)
                              test_uart.o (itoa)
C:/WinAVR/bin/../lib/gcc/avr/3.4.3/../../../../avr/lib/avr4\libc.a(strrev.o)
                              C:/WinAVR/bin/../lib/gcc/avr/3.4.3/../../../../avr/lib/avr4\libc.a(itoa.o) (strrev)
C:/WinAVR/bin/../lib/gcc/avr/3.4.3/avr4\libgcc.a(_udivmodhi4.o)
                              C:/WinAVR/bin/../lib/gcc/avr/3.4.3/../../../../avr/lib/avr4\libc.a(itoa.o) (__udivmodhi4)

Memory Configuration

Name             Origin             Length             Attributes
text             0x00000000         0x00002000         xr
data             0x00800060         0x0000ffa0         rw !x
eeprom           0x00810000         0x00010000         rw !x
*default*        0x00000000         0xffffffff

Linker script and memory map

LOAD C:/WinAVR/bin/../lib/gcc/avr/3.4.3/../../../../avr/lib/avr4/crtm8.o
LOAD test_uart.o
LOAD uart.o
LOAD C:/WinAVR/bin/../lib/gcc/avr/3.4.3/../../../../avr/lib/avr4\libm.a
LOAD C:/WinAVR/bin/../lib/gcc/avr/3.4.3/avr4\libgcc.a
LOAD C:/WinAVR/bin/../lib/gcc/avr/3.4.3/../../../../avr/lib/avr4\libc.a
LOAD C:/WinAVR/bin/../lib/gcc/avr/3.4.3/avr4\libgcc.a

.hash
 *(.hash)

.dynsym
 *(.dynsym)

.dynstr
 *(.dynstr)

.gnu.version
 *(.gnu.version)

.gnu.version_d
 *(.gnu.version_d)

.gnu.version_r
 *(.gnu.version_r)

.rel.init
 *(.rel.init)

.rela.init
 *(.rela.init)

.rel.text
 *(.rel.text)
 *(.rel.text.*)
 *(.rel.gnu.linkonce.t*)

.rela.text
 *(.rela.text)
 *(.rela.text.*)
 *(.rela.gnu.linkonce.t*)

.rel.fini
 *(.rel.fini)

.rela.fini
 *(.rela.fini)

.rel.rodata
 *(.rel.rodata)
 *(.rel.rodata.*)
 *(.rel.gnu.linkonce.r*)

.rela.rodata
 *(.rela.rodata)
 *(.rela.rodata.*)
 *(.rela.gnu.linkonce.r*)

.rel.data
 *(.rel.data)
 *(.rel.data.*)
 *(.rel.gnu.linkonce.d*)

.rela.data
 *(.rela.data)
 *(.rela.data.*)
 *(.rela.gnu.linkonce.d*)

.rel.ctors
 *(.rel.ctors)

.rela.ctors
 *(.rela.ctors)

.rel.dtors
 *(.rel.dtors)

.rela.dtors
 *(.rela.dtors)

.rel.got
 *(.rel.got)

.rela.got
 *(.rela.got)

.rel.bss
 *(.rel.bss)

.rela.bss
 *(.rela.bss)

.rel.plt
 *(.rel.plt)

.rela.plt
 *(.rela.plt)

.text           0x00000000      0x32c
 *(.vectors)
 .vectors       0x00000000       0x26 C:/WinAVR/bin/../lib/gcc/avr/3.4.3/../../../../avr/lib/avr4/crtm8.o
                0x00000000                __vectors
                0x00000000                __vector_default
                0x00000026                __ctors_start = .
 *(.ctors)
                0x00000026                __ctors_end = .
                0x00000026                __dtors_start = .
 *(.dtors)
                0x00000026                __dtors_end = .
 *(.progmem.gcc*)
 *(.progmem*)
 .progmem.data  0x00000026       0x58 test_uart.o
                0x0000007e                . = ALIGN (0x2)
 *(.init0)
 *(.init1)
 *(.init2)
 .init2         0x0000007e        0xc C:/WinAVR/bin/../lib/gcc/avr/3.4.3/../../../../avr/lib/avr4/crtm8.o
 *(.init3)
 *(.init4)
 .init4         0x0000008a       0x16 C:/WinAVR/bin/../lib/gcc/avr/3.4.3/avr4\libgcc.a(_copy_data.o)
                0x0000008a                __do_copy_data
 .init4         0x000000a0       0x10 C:/WinAVR/bin/../lib/gcc/avr/3.4.3/avr4\libgcc.a(_clear_bss.o)
                0x000000a0                __do_clear_bss
 *(.init5)
 *(.init6)
 *(.init7)
 *(.init8)
 *(.init9)
 .init9         0x000000b0        0x2 C:/WinAVR/bin/../lib/gcc/avr/3.4.3/../../../../avr/lib/avr4/crtm8.o
 *(.text)
 .text          0x000000b2        0x2 C:/WinAVR/bin/../lib/gcc/avr/3.4.3/../../../../avr/lib/avr4/crtm8.o
                0x000000b2                __vector_1
                0x000000b2                __bad_interrupt
                0x000000b2                __vector_6
                0x000000b2                __vector_3
                0x000000b2                __vector_13
                0x000000b2                __vector_17
                0x000000b2                __vector_7
                0x000000b2                __vector_5
                0x000000b2                __vector_4
                0x000000b2                __vector_9
                0x000000b2                __vector_2
                0x000000b2                __vector_15
                0x000000b2                __vector_8
                0x000000b2                __vector_14
                0x000000b2                __vector_10
                0x000000b2                __vector_16
                0x000000b2                __vector_18
 .text          0x000000b4       0x82 test_uart.o
                0x000000b4                main
 .text          0x00000136      0x168 uart.o
                0x00000188                __vector_12
                0x00000260                uart_puts
                0x00000136                __vector_11
                0x0000027c                uart_puts_p
                0x000001d4                uart_init
                0x00000202                uart_getc
                0x0000023c                uart_putc
 .text          0x0000029e       0x46 C:/WinAVR/bin/../lib/gcc/avr/3.4.3/../../../../avr/lib/avr4\libc.a(itoa.o)
                0x0000029e                itoa
 .text          0x000002e4       0x20 C:/WinAVR/bin/../lib/gcc/avr/3.4.3/../../../../avr/lib/avr4\libc.a(strrev.o)
                0x000002e4                strrev
                0x00000304                . = ALIGN (0x2)
 *(.text.*)
 .text.libgcc   0x00000304       0x28 C:/WinAVR/bin/../lib/gcc/avr/3.4.3/avr4\libgcc.a(_udivmodhi4.o)
                0x00000304                __udivmodhi4
                0x0000032c                . = ALIGN (0x2)
 *(.fini9)
 *(.fini8)
 *(.fini7)
 *(.fini6)
 *(.fini5)
 *(.fini4)
 *(.fini3)
 *(.fini2)
 *(.fini1)
 *(.fini0)
                0x0000032c                _etext = .

.data           0x00800060       0x18 load address 0x0000032c
                0x00800060                PROVIDE (__data_start, .)
 *(.data)
 .data          0x00800060       0x17 test_uart.o
 *(.gnu.linkonce.d*)
                0x00800078                . = ALIGN (0x2)
 *fill*         0x00800077        0x1 00
                0x00800078                _edata = .
                0x00800078                PROVIDE (__data_end, .)

.bss            0x00800078       0x45
                0x00800078                PROVIDE (__bss_start, .)
 *(.bss)
 .bss           0x00800078       0x45 uart.o
 *(COMMON)
                0x008000bd                PROVIDE (__bss_end, .)
                0x0000032c                __data_load_start = LOADADDR (.data)
                0x00000344                __data_load_end = (__data_load_start + SIZEOF (.data))

.noinit         0x008000bd        0x0
                0x008000bd                PROVIDE (__noinit_start, .)
 *(.noinit*)
                0x008000bd                PROVIDE (__noinit_end, .)
                0x008000bd                _end = .
                0x008000bd                PROVIDE (__heap_start, .)

.eeprom         0x00810000        0x0
 *(.eeprom*)
                0x00810000                __eeprom_end = .

.stab
 *(.stab)

.stabstr
 *(.stabstr)

.stab.excl
 *(.stab.excl)

.stab.exclstr
 *(.stab.exclstr)

.stab.index
 *(.stab.index)

.stab.indexstr
 *(.stab.indexstr)

.comment
 *(.comment)

.debug
 *(.debug)

.line
 *(.line)

.debug_srcinfo
 *(.debug_srcinfo)

.debug_sfnames
 *(.debug_sfnames)

.debug_aranges  0x00000000       0x28
 *(.debug_aranges)
 .debug_aranges
                0x00000000       0x14 test_uart.o
 .debug_aranges
                0x00000014       0x14 uart.o

.debug_pubnames
                0x00000000       0x95
 *(.debug_pubnames)
 .debug_pubnames
                0x00000000       0x1b test_uart.o
 .debug_pubnames
                0x0000001b       0x7a uart.o

.debug_info     0x00000000      0x3f9
 *(.debug_info)
 .debug_info    0x00000000      0x104 test_uart.o
 .debug_info    0x00000104      0x2f5 uart.o
 *(.gnu.linkonce.wi.*)

.debug_abbrev   0x00000000      0x1a2
 *(.debug_abbrev)
 .debug_abbrev  0x00000000       0x80 test_uart.o
 .debug_abbrev  0x00000080      0x122 uart.o

.debug_line     0x00000000      0x34d
 *(.debug_line)
 .debug_line    0x00000000      0x155 test_uart.o
 .debug_line    0x00000155      0x1f8 uart.o

.debug_frame
 *(.debug_frame)

.debug_str      0x00000000      0x191
 *(.debug_str)
 .debug_str     0x00000000       0xa0 test_uart.o
                                 0xf8 (size before relaxing)
 .debug_str     0x000000a0       0xf1 uart.o
                                0x1d8 (size before relaxing)

.debug_loc
 *(.debug_loc)

.debug_macinfo
 *(.debug_macinfo)
OUTPUT(test_uart.elf elf32-avr)

.debug_ranges   0x0000032c        0xc
 .debug_ranges  0x0000032c        0xc uart.o

Cross Reference Table

Symbol                                            File
__bad_interrupt                                   C:/WinAVR/bin/../lib/gcc/avr/3.4.3/../../../../avr/lib/avr4/crtm8.o
__bss_end                                         C:/WinAVR/bin/../lib/gcc/avr/3.4.3/avr4\libgcc.a(_clear_bss.o)
__bss_start                                       C:/WinAVR/bin/../lib/gcc/avr/3.4.3/avr4\libgcc.a(_clear_bss.o)
__data_end                                        C:/WinAVR/bin/../lib/gcc/avr/3.4.3/avr4\libgcc.a(_copy_data.o)
__data_load_start                                 C:/WinAVR/bin/../lib/gcc/avr/3.4.3/avr4\libgcc.a(_copy_data.o)
__data_start                                      C:/WinAVR/bin/../lib/gcc/avr/3.4.3/avr4\libgcc.a(_copy_data.o)
__do_clear_bss                                    C:/WinAVR/bin/../lib/gcc/avr/3.4.3/avr4\libgcc.a(_clear_bss.o)
                                                  uart.o
                                                  test_uart.o
__do_copy_data                                    C:/WinAVR/bin/../lib/gcc/avr/3.4.3/avr4\libgcc.a(_copy_data.o)
                                                  uart.o
                                                  test_uart.o
__heap_end                                        C:/WinAVR/bin/../lib/gcc/avr/3.4.3/../../../../avr/lib/avr4/crtm8.o
__init                                            C:/WinAVR/bin/../lib/gcc/avr/3.4.3/../../../../avr/lib/avr4/crtm8.o
__stack                                           C:/WinAVR/bin/../lib/gcc/avr/3.4.3/../../../../avr/lib/avr4/crtm8.o
                                                  test_uart.o
__udivmodhi4                                      C:/WinAVR/bin/../lib/gcc/avr/3.4.3/avr4\libgcc.a(_udivmodhi4.o)
                                                  C:/WinAVR/bin/../lib/gcc/avr/3.4.3/../../../../avr/lib/avr4\libc.a(itoa.o)
__vector_1                                        C:/WinAVR/bin/../lib/gcc/avr/3.4.3/../../../../avr/lib/avr4/crtm8.o
__vector_10                                       C:/WinAVR/bin/../lib/gcc/avr/3.4.3/../../../../avr/lib/avr4/crtm8.o
__vector_11                                       uart.o
                                                  C:/WinAVR/bin/../lib/gcc/avr/3.4.3/../../../../avr/lib/avr4/crtm8.o
__vector_12                                       uart.o
                                                  C:/WinAVR/bin/../lib/gcc/avr/3.4.3/../../../../avr/lib/avr4/crtm8.o
__vector_13                                       C:/WinAVR/bin/../lib/gcc/avr/3.4.3/../../../../avr/lib/avr4/crtm8.o
__vector_14                                       C:/WinAVR/bin/../lib/gcc/avr/3.4.3/../../../../avr/lib/avr4/crtm8.o
__vector_15                                       C:/WinAVR/bin/../lib/gcc/avr/3.4.3/../../../../avr/lib/avr4/crtm8.o
__vector_16                                       C:/WinAVR/bin/../lib/gcc/avr/3.4.3/../../../../avr/lib/avr4/crtm8.o
__vector_17                                       C:/WinAVR/bin/../lib/gcc/avr/3.4.3/../../../../avr/lib/avr4/crtm8.o
__vector_18                                       C:/WinAVR/bin/../lib/gcc/avr/3.4.3/../../../../avr/lib/avr4/crtm8.o
__vector_2                                        C:/WinAVR/bin/../lib/gcc/avr/3.4.3/../../../../avr/lib/avr4/crtm8.o
__vector_3                                        C:/WinAVR/bin/../lib/gcc/avr/3.4.3/../../../../avr/lib/avr4/crtm8.o
__vector_4                                        C:/WinAVR/bin/../lib/gcc/avr/3.4.3/../../../../avr/lib/avr4/crtm8.o
__vector_5                                        C:/WinAVR/bin/../lib/gcc/avr/3.4.3/../../../../avr/lib/avr4/crtm8.o
__vector_6                                        C:/WinAVR/bin/../lib/gcc/avr/3.4.3/../../../../avr/lib/avr4/crtm8.o
__vector_7                                        C:/WinAVR/bin/../lib/gcc/avr/3.4.3/../../../../avr/lib/avr4/crtm8.o
__vector_8                                        C:/WinAVR/bin/../lib/gcc/avr/3.4.3/../../../../avr/lib/avr4/crtm8.o
__vector_9                                        C:/WinAVR/bin/../lib/gcc/avr/3.4.3/../../../../avr/lib/avr4/crtm8.o
__vector_default                                  C:/WinAVR/bin/../lib/gcc/avr/3.4.3/../../../../avr/lib/avr4/crtm8.o
__vectors                                         C:/WinAVR/bin/../lib/gcc/avr/3.4.3/../../../../avr/lib/avr4/crtm8.o
itoa                                              C:/WinAVR/bin/../lib/gcc/avr/3.4.3/../../../../avr/lib/avr4\libc.a(itoa.o)
                                                  test_uart.o
main                                              test_uart.o
                                                  C:/WinAVR/bin/../lib/gcc/avr/3.4.3/../../../../avr/lib/avr4/crtm8.o
strrev                                            C:/WinAVR/bin/../lib/gcc/avr/3.4.3/../../../../avr/lib/avr4\libc.a(strrev.o)
                                                  C:/WinAVR/bin/../lib/gcc/avr/3.4.3/../../../../avr/lib/avr4\libc.a(itoa.o)
uart_getc                                         uart.o
                                                  test_uart.o
uart_init                                         uart.o
                                                  test_uart.o
uart_putc                                         uart.o
                                                  test_uart.o
uart_puts                                         uart.o
                                                  test_uart.o
uart_puts_p                                       uart.o
                                                  test_uart.o
