Archive member included because of file (symbol)

C:/WinAVR/lib/gcc/avr/3.4.5/avr5\libgcc.a(_exit.o)
                              Eboot.o (exit)
C:/WinAVR/lib/gcc/avr/3.4.5/avr5\libgcc.a(_copy_data.o)
                              Eboot.o (__do_copy_data)
C:/WinAVR/lib/gcc/avr/3.4.5/avr5\libgcc.a(_clear_bss.o)
                              Eboot.o (__do_clear_bss)

Allocating common symbols
Common symbol       size              file

g_rx_buff           0xfa              ../../Eblock_lib/avr_serial.o
page_data           0x80              Eboot.o
g_tx_buff           0xfa              ../../Eblock_lib/avr_serial.o
buf_address         0x4               Eboot.o

Memory Configuration

Name             Origin             Length             Attributes
text             0x00000000         0x00020000         xr
data             0x00800060         0x0000ffa0         rw !x
eeprom           0x00810000         0x00010000         rw !x
*default*        0x00000000         0xffffffff

Linker script and memory map

LOAD C:/WinAVR/bin/../lib/gcc/avr/3.4.5/../../../../avr/lib/avr5/crtm32.o
LOAD Eboot.o
LOAD ../../Eblock_lib/avr_serial.o
LOAD C:/WinAVR/bin/../lib/gcc/avr/3.4.5/../../../../avr/lib/avr5\libm.a
Address of section .text set to 0x7000
LOAD C:/WinAVR/lib/gcc/avr/3.4.5/avr5\libgcc.a
LOAD C:/WinAVR/bin/../lib/gcc/avr/3.4.5/../../../../avr/lib/avr5\libc.a
LOAD C:/WinAVR/lib/gcc/avr/3.4.5/avr5\libgcc.a

.hash
 *(.hash)

.dynsym
 *(.dynsym)

.dynstr
 *(.dynstr)

.gnu.version
 *(.gnu.version)

.gnu.version_d
 *(.gnu.version_d)

.gnu.version_r
 *(.gnu.version_r)

.rel.init
 *(.rel.init)

.rela.init
 *(.rela.init)

.rel.text
 *(.rel.text)
 *(.rel.text.*)
 *(.rel.gnu.linkonce.t*)

.rela.text
 *(.rela.text)
 *(.rela.text.*)
 *(.rela.gnu.linkonce.t*)

.rel.fini
 *(.rel.fini)

.rela.fini
 *(.rela.fini)

.rel.rodata
 *(.rel.rodata)
 *(.rel.rodata.*)
 *(.rel.gnu.linkonce.r*)

.rela.rodata
 *(.rela.rodata)
 *(.rela.rodata.*)
 *(.rela.gnu.linkonce.r*)

.rel.data
 *(.rel.data)
 *(.rel.data.*)
 *(.rel.gnu.linkonce.d*)

.rela.data
 *(.rela.data)
 *(.rela.data.*)
 *(.rela.gnu.linkonce.d*)

.rel.ctors
 *(.rel.ctors)

.rela.ctors
 *(.rela.ctors)

.rel.dtors
 *(.rel.dtors)

.rela.dtors
 *(.rela.dtors)

.rel.got
 *(.rel.got)

.rela.got
 *(.rela.got)

.rel.bss
 *(.rel.bss)

.rela.bss
 *(.rela.bss)

.rel.plt
 *(.rel.plt)

.rela.plt
 *(.rela.plt)

.text           0x00007000      0x57a
 *(.vectors)
 .vectors       0x00007000       0x54 C:/WinAVR/bin/../lib/gcc/avr/3.4.5/../../../../avr/lib/avr5/crtm32.o
                0x00007000                __vectors
                0x00007000                __vector_default
                0x00007054                __ctors_start = .
 *(.ctors)
                0x00007054                __ctors_end = .
                0x00007054                __dtors_start = .
 *(.dtors)
                0x00007054                __dtors_end = .
 *(.progmem.gcc*)
 *(.progmem*)
                0x00007054                . = ALIGN (0x2)
 *(.init0)
 *(.init1)
 *(.init2)
 .init2         0x00007054        0xc C:/WinAVR/bin/../lib/gcc/avr/3.4.5/../../../../avr/lib/avr5/crtm32.o
 *(.init3)
 *(.init4)
 .init4         0x00007060       0x16 C:/WinAVR/lib/gcc/avr/3.4.5/avr5\libgcc.a(_copy_data.o)
                0x00007060                __do_copy_data
 .init4         0x00007076       0x10 C:/WinAVR/lib/gcc/avr/3.4.5/avr5\libgcc.a(_clear_bss.o)
                0x00007076                __do_clear_bss
 *(.init5)
 *(.init6)
 *(.init7)
 *(.init8)
 *(.init9)
 .init9         0x00007086        0x4 C:/WinAVR/bin/../lib/gcc/avr/3.4.5/../../../../avr/lib/avr5/crtm32.o
 *(.text)
 .text          0x0000708a        0x4 C:/WinAVR/bin/../lib/gcc/avr/3.4.5/../../../../avr/lib/avr5/crtm32.o
                0x0000708a                __vector_1
                0x0000708a                __vector_12
                0x0000708a                __bad_interrupt
                0x0000708a                __vector_6
                0x0000708a                __vector_3
                0x0000708a                __vector_11
                0x0000708a                __vector_17
                0x0000708a                __vector_19
                0x0000708a                __vector_7
                0x0000708a                __vector_5
                0x0000708a                __vector_4
                0x0000708a                __vector_9
                0x0000708a                __vector_2
                0x0000708a                __vector_15
                0x0000708a                __vector_8
                0x0000708a                __vector_10
                0x0000708a                __vector_16
                0x0000708a                __vector_18
                0x0000708a                __vector_20
 .text          0x0000708e      0x2a4 Eboot.o
                0x000071f0                main
                0x000070c4                ihex_load
                0x0000708e                get_hex_value
 .text          0x00007332      0x246 ../../Eblock_lib/avr_serial.o
                0x0000741c                uart_get_TX
                0x0000737a                uart_get_RX
                0x0000747e                uart_write_str
                0x000074aa                __vector_13
                0x00007452                uart_init
                0x00007362                uart_write_char
                0x000073d2                uart_put_RX
                0x00007476                uart_read
                0x00007332                uart_put_TX
                0x0000751e                __vector_14
                0x00007578                . = ALIGN (0x2)
 *(.text.*)
                0x00007578                . = ALIGN (0x2)
 *(.fini9)
 *(.fini8)
 *(.fini7)
 *(.fini6)
 *(.fini5)
 *(.fini4)
 *(.fini3)
 *(.fini2)
 *(.fini1)
 *(.fini0)
 .fini0         0x00007578        0x2 C:/WinAVR/lib/gcc/avr/3.4.5/avr5\libgcc.a(_exit.o)
                0x0000757a                _etext = .

.data           0x00800060       0x3c load address 0x0000757a
                0x00800060                PROVIDE (__data_start, .)
 *(.data)
 .data          0x00800060       0x39 Eboot.o
 .data          0x00800099        0x2 ../../Eblock_lib/avr_serial.o
                0x0080009a                receive_flag
                0x00800099                send_flag
 *(.gnu.linkonce.d*)
                0x0080009c                . = ALIGN (0x2)
 *fill*         0x0080009b        0x1 00
                0x0080009c                _edata = .
                0x0080009c                PROVIDE (__data_end, .)

.bss            0x0080009c      0x27c
                0x0080009c                PROVIDE (__bss_start, .)
 *(.bss)
 .bss           0x0080009c        0x2 Eboot.o
                0x0080009c                jump_to_app
 .bss           0x0080009e        0x2 ../../Eblock_lib/avr_serial.o
                0x0080009f                g_rx_ptr
                0x0080009e                g_tx_ptr
 *(COMMON)
 COMMON         0x008000a0       0x84 Eboot.o
                0x008000a0                page_data
                0x00800120                buf_address
 COMMON         0x00800124      0x1f4 ../../Eblock_lib/avr_serial.o
                0x00800124                g_rx_buff
                0x0080021e                g_tx_buff
                0x00800318                PROVIDE (__bss_end, .)
                0x0000757a                __data_load_start = LOADADDR (.data)
                0x000075b6                __data_load_end = (__data_load_start + SIZEOF (.data))

.noinit         0x00800318        0x0
                0x00800318                PROVIDE (__noinit_start, .)
 *(.noinit*)
                0x00800318                PROVIDE (__noinit_end, .)
                0x00800318                _end = .
                0x00800318                PROVIDE (__heap_start, .)

.eeprom         0x00810000        0x0
 *(.eeprom*)
                0x00810000                __eeprom_end = .

.stab           0x00000000     0x14f4
 *(.stab)
 .stab          0x00000000      0x36c C:/WinAVR/bin/../lib/gcc/avr/3.4.5/../../../../avr/lib/avr5/crtm32.o
 .stab          0x0000036c      0x99c Eboot.o
                                0x9a8 (size before relaxing)
 .stab          0x00000d08      0x7ec ../../Eblock_lib/avr_serial.o
                                0x978 (size before relaxing)

.stabstr        0x00000000      0xd31
 *(.stabstr)
 .stabstr       0x00000000      0xd31 C:/WinAVR/bin/../lib/gcc/avr/3.4.5/../../../../avr/lib/avr5/crtm32.o

.stab.excl
 *(.stab.excl)

.stab.exclstr
 *(.stab.exclstr)

.stab.index
 *(.stab.index)

.stab.indexstr
 *(.stab.indexstr)

.comment
 *(.comment)

.debug
 *(.debug)

.line
 *(.line)

.debug_srcinfo
 *(.debug_srcinfo)

.debug_sfnames
 *(.debug_sfnames)

.debug_aranges
 *(.debug_aranges)

.debug_pubnames
 *(.debug_pubnames)

.debug_info
 *(.debug_info)
 *(.gnu.linkonce.wi.*)

.debug_abbrev
 *(.debug_abbrev)

.debug_line
 *(.debug_line)

.debug_frame
 *(.debug_frame)

.debug_str
 *(.debug_str)

.debug_loc
 *(.debug_loc)

.debug_macinfo
 *(.debug_macinfo)
OUTPUT(Eboot.elf elf32-avr)

Cross Reference Table

Symbol                                            File
__bad_interrupt                                   C:/WinAVR/bin/../lib/gcc/avr/3.4.5/../../../../avr/lib/avr5/crtm32.o
__bss_end                                         C:/WinAVR/lib/gcc/avr/3.4.5/avr5\libgcc.a(_clear_bss.o)
__bss_start                                       C:/WinAVR/lib/gcc/avr/3.4.5/avr5\libgcc.a(_clear_bss.o)
__data_end                                        C:/WinAVR/lib/gcc/avr/3.4.5/avr5\libgcc.a(_copy_data.o)
__data_load_start                                 C:/WinAVR/lib/gcc/avr/3.4.5/avr5\libgcc.a(_copy_data.o)
__data_start                                      C:/WinAVR/lib/gcc/avr/3.4.5/avr5\libgcc.a(_copy_data.o)
__do_clear_bss                                    C:/WinAVR/lib/gcc/avr/3.4.5/avr5\libgcc.a(_clear_bss.o)
                                                  ../../Eblock_lib/avr_serial.o
                                                  Eboot.o
__do_copy_data                                    C:/WinAVR/lib/gcc/avr/3.4.5/avr5\libgcc.a(_copy_data.o)
                                                  ../../Eblock_lib/avr_serial.o
                                                  Eboot.o
__heap_end                                        C:/WinAVR/bin/../lib/gcc/avr/3.4.5/../../../../avr/lib/avr5/crtm32.o
__init                                            C:/WinAVR/bin/../lib/gcc/avr/3.4.5/../../../../avr/lib/avr5/crtm32.o
__stack                                           C:/WinAVR/bin/../lib/gcc/avr/3.4.5/../../../../avr/lib/avr5/crtm32.o
                                                  Eboot.o
__vector_1                                        C:/WinAVR/bin/../lib/gcc/avr/3.4.5/../../../../avr/lib/avr5/crtm32.o
__vector_10                                       C:/WinAVR/bin/../lib/gcc/avr/3.4.5/../../../../avr/lib/avr5/crtm32.o
__vector_11                                       C:/WinAVR/bin/../lib/gcc/avr/3.4.5/../../../../avr/lib/avr5/crtm32.o
__vector_12                                       C:/WinAVR/bin/../lib/gcc/avr/3.4.5/../../../../avr/lib/avr5/crtm32.o
__vector_13                                       ../../Eblock_lib/avr_serial.o
                                                  C:/WinAVR/bin/../lib/gcc/avr/3.4.5/../../../../avr/lib/avr5/crtm32.o
__vector_14                                       ../../Eblock_lib/avr_serial.o
                                                  C:/WinAVR/bin/../lib/gcc/avr/3.4.5/../../../../avr/lib/avr5/crtm32.o
__vector_15                                       C:/WinAVR/bin/../lib/gcc/avr/3.4.5/../../../../avr/lib/avr5/crtm32.o
__vector_16                                       C:/WinAVR/bin/../lib/gcc/avr/3.4.5/../../../../avr/lib/avr5/crtm32.o
__vector_17                                       C:/WinAVR/bin/../lib/gcc/avr/3.4.5/../../../../avr/lib/avr5/crtm32.o
__vector_18                                       C:/WinAVR/bin/../lib/gcc/avr/3.4.5/../../../../avr/lib/avr5/crtm32.o
__vector_19                                       C:/WinAVR/bin/../lib/gcc/avr/3.4.5/../../../../avr/lib/avr5/crtm32.o
__vector_2                                        C:/WinAVR/bin/../lib/gcc/avr/3.4.5/../../../../avr/lib/avr5/crtm32.o
__vector_20                                       C:/WinAVR/bin/../lib/gcc/avr/3.4.5/../../../../avr/lib/avr5/crtm32.o
__vector_3                                        C:/WinAVR/bin/../lib/gcc/avr/3.4.5/../../../../avr/lib/avr5/crtm32.o
__vector_4                                        C:/WinAVR/bin/../lib/gcc/avr/3.4.5/../../../../avr/lib/avr5/crtm32.o
__vector_5                                        C:/WinAVR/bin/../lib/gcc/avr/3.4.5/../../../../avr/lib/avr5/crtm32.o
__vector_6                                        C:/WinAVR/bin/../lib/gcc/avr/3.4.5/../../../../avr/lib/avr5/crtm32.o
__vector_7                                        C:/WinAVR/bin/../lib/gcc/avr/3.4.5/../../../../avr/lib/avr5/crtm32.o
__vector_8                                        C:/WinAVR/bin/../lib/gcc/avr/3.4.5/../../../../avr/lib/avr5/crtm32.o
__vector_9                                        C:/WinAVR/bin/../lib/gcc/avr/3.4.5/../../../../avr/lib/avr5/crtm32.o
__vector_default                                  C:/WinAVR/bin/../lib/gcc/avr/3.4.5/../../../../avr/lib/avr5/crtm32.o
__vectors                                         C:/WinAVR/bin/../lib/gcc/avr/3.4.5/../../../../avr/lib/avr5/crtm32.o
_exit                                             C:/WinAVR/lib/gcc/avr/3.4.5/avr5\libgcc.a(_exit.o)
buf_address                                       Eboot.o
exit                                              C:/WinAVR/lib/gcc/avr/3.4.5/avr5\libgcc.a(_exit.o)
                                                  Eboot.o
g_rx_buff                                         ../../Eblock_lib/avr_serial.o
g_rx_ptr                                          ../../Eblock_lib/avr_serial.o
g_tx_buff                                         ../../Eblock_lib/avr_serial.o
g_tx_ptr                                          ../../Eblock_lib/avr_serial.o
get_hex_value                                     Eboot.o
ihex_load                                         Eboot.o
jump_to_app                                       Eboot.o
main                                              Eboot.o
                                                  C:/WinAVR/bin/../lib/gcc/avr/3.4.5/../../../../avr/lib/avr5/crtm32.o
page_data                                         Eboot.o
receive_flag                                      ../../Eblock_lib/avr_serial.o
send_flag                                         ../../Eblock_lib/avr_serial.o
uart_get_RX                                       ../../Eblock_lib/avr_serial.o
uart_get_TX                                       ../../Eblock_lib/avr_serial.o
uart_init                                         ../../Eblock_lib/avr_serial.o
                                                  Eboot.o
uart_put_RX                                       ../../Eblock_lib/avr_serial.o
uart_put_TX                                       ../../Eblock_lib/avr_serial.o
uart_read                                         ../../Eblock_lib/avr_serial.o
                                                  Eboot.o
uart_write_char                                   ../../Eblock_lib/avr_serial.o
                                                  Eboot.o
uart_write_str                                    ../../Eblock_lib/avr_serial.o
                                                  Eboot.o
