Archive member included because of file (symbol)

C:/WINAVR/BIN/../lib/gcc/avr/3.4.3/avr5\libgcc.a(_copy_data.o)
                              test_uart.o (__do_copy_data)
C:/WINAVR/BIN/../lib/gcc/avr/3.4.3/avr5\libgcc.a(_clear_bss.o)
                              test_uart.o (__do_clear_bss)
C:/WINAVR/BIN/../lib/gcc/avr/3.4.3/../../../../avr/lib/avr5\libc.a(itoa.o)
                              test_uart.o (itoa)
C:/WINAVR/BIN/../lib/gcc/avr/3.4.3/../../../../avr/lib/avr5\libc.a(ltoa.o)
                              E_uart.o (ltoa)
C:/WINAVR/BIN/../lib/gcc/avr/3.4.3/../../../../avr/lib/avr5\libc.a(strrev.o)
                              C:/WINAVR/BIN/../lib/gcc/avr/3.4.3/../../../../avr/lib/avr5\libc.a(itoa.o) (strrev)
C:/WINAVR/BIN/../lib/gcc/avr/3.4.3/avr5\libgcc.a(_udivmodhi4.o)
                              C:/WINAVR/BIN/../lib/gcc/avr/3.4.3/../../../../avr/lib/avr5\libc.a(itoa.o) (__udivmodhi4)
C:/WINAVR/BIN/../lib/gcc/avr/3.4.3/avr5\libgcc.a(_udivmodsi4.o)
                              C:/WINAVR/BIN/../lib/gcc/avr/3.4.3/../../../../avr/lib/avr5\libc.a(ltoa.o) (__udivmodsi4)

Allocating common symbols
Common symbol       size              file

g_rx_buff           0xfa              E_uart.o
g_tx_buff           0xfa              E_uart.o

Memory Configuration

Name             Origin             Length             Attributes
text             0x00000000         0x00020000         xr
data             0x00800060         0x0000ffa0         rw !x
eeprom           0x00810000         0x00010000         rw !x
*default*        0x00000000         0xffffffff

Linker script and memory map

LOAD C:/WINAVR/BIN/../lib/gcc/avr/3.4.3/../../../../avr/lib/avr5/crtm32.o
LOAD test_uart.o
LOAD E_uart.o
LOAD C:/WINAVR/BIN/../lib/gcc/avr/3.4.3/../../../../avr/lib/avr5\libm.a
LOAD C:/WINAVR/BIN/../lib/gcc/avr/3.4.3/avr5\libgcc.a
LOAD C:/WINAVR/BIN/../lib/gcc/avr/3.4.3/../../../../avr/lib/avr5\libc.a
LOAD C:/WINAVR/BIN/../lib/gcc/avr/3.4.3/avr5\libgcc.a

.hash
 *(.hash)

.dynsym
 *(.dynsym)

.dynstr
 *(.dynstr)

.gnu.version
 *(.gnu.version)

.gnu.version_d
 *(.gnu.version_d)

.gnu.version_r
 *(.gnu.version_r)

.rel.init
 *(.rel.init)

.rela.init
 *(.rela.init)

.rel.text
 *(.rel.text)
 *(.rel.text.*)
 *(.rel.gnu.linkonce.t*)

.rela.text
 *(.rela.text)
 *(.rela.text.*)
 *(.rela.gnu.linkonce.t*)

.rel.fini
 *(.rel.fini)

.rela.fini
 *(.rela.fini)

.rel.rodata
 *(.rel.rodata)
 *(.rel.rodata.*)
 *(.rel.gnu.linkonce.r*)

.rela.rodata
 *(.rela.rodata)
 *(.rela.rodata.*)
 *(.rela.gnu.linkonce.r*)

.rel.data
 *(.rel.data)
 *(.rel.data.*)
 *(.rel.gnu.linkonce.d*)

.rela.data
 *(.rela.data)
 *(.rela.data.*)
 *(.rela.gnu.linkonce.d*)

.rel.ctors
 *(.rel.ctors)

.rela.ctors
 *(.rela.ctors)

.rel.dtors
 *(.rel.dtors)

.rela.dtors
 *(.rela.dtors)

.rel.got
 *(.rel.got)

.rela.got
 *(.rela.got)

.rel.bss
 *(.rel.bss)

.rela.bss
 *(.rela.bss)

.rel.plt
 *(.rel.plt)

.rela.plt
 *(.rela.plt)

.text           0x00000000      0x464
 *(.vectors)
 .vectors       0x00000000       0x54 C:/WINAVR/BIN/../lib/gcc/avr/3.4.3/../../../../avr/lib/avr5/crtm32.o
                0x00000000                __vectors
                0x00000000                __vector_default
                0x00000054                __ctors_start = .
 *(.ctors)
                0x00000054                __ctors_end = .
                0x00000054                __dtors_start = .
 *(.dtors)
                0x00000054                __dtors_end = .
 *(.progmem.gcc*)
 *(.progmem*)
                0x00000054                . = ALIGN (0x2)
 *(.init0)
 *(.init1)
 *(.init2)
 .init2         0x00000054        0xc C:/WINAVR/BIN/../lib/gcc/avr/3.4.3/../../../../avr/lib/avr5/crtm32.o
 *(.init3)
 *(.init4)
 .init4         0x00000060       0x16 C:/WINAVR/BIN/../lib/gcc/avr/3.4.3/avr5\libgcc.a(_copy_data.o)
                0x00000060                __do_copy_data
 .init4         0x00000076       0x10 C:/WINAVR/BIN/../lib/gcc/avr/3.4.3/avr5\libgcc.a(_clear_bss.o)
                0x00000076                __do_clear_bss
 *(.init5)
 *(.init6)
 *(.init7)
 *(.init8)
 *(.init9)
 .init9         0x00000086        0x4 C:/WINAVR/BIN/../lib/gcc/avr/3.4.3/../../../../avr/lib/avr5/crtm32.o
 *(.text)
 .text          0x0000008a        0x4 C:/WINAVR/BIN/../lib/gcc/avr/3.4.3/../../../../avr/lib/avr5/crtm32.o
                0x0000008a                __vector_1
                0x0000008a                __vector_12
                0x0000008a                __bad_interrupt
                0x0000008a                __vector_6
                0x0000008a                __vector_3
                0x0000008a                __vector_11
                0x0000008a                __vector_17
                0x0000008a                __vector_19
                0x0000008a                __vector_7
                0x0000008a                __vector_5
                0x0000008a                __vector_4
                0x0000008a                __vector_9
                0x0000008a                __vector_2
                0x0000008a                __vector_15
                0x0000008a                __vector_8
                0x0000008a                __vector_10
                0x0000008a                __vector_16
                0x0000008a                __vector_18
                0x0000008a                __vector_20
 .text          0x0000008e       0xd8 test_uart.o
                0x0000008e                __vector_13
                0x0000012a                main
                0x000000d8                __vector_14
 .text          0x00000166      0x1ba E_uart.o
                0x0000028c                debug_value
                0x0000021a                uart_get_TX
                0x000001b0                uart_get_RX
                0x00000266                uart_puts
                0x00000166                uart_init
                0x00000252                uart_getc
                0x000002ca                debug_lvalue
                0x0000025a                uart_putc
                0x0000017e                uart_put_RX
                0x000001e8                uart_put_TX
 .text          0x00000320       0x4a C:/WINAVR/BIN/../lib/gcc/avr/3.4.3/../../../../avr/lib/avr5\libc.a(itoa.o)
                0x00000320                itoa
 .text          0x0000036a       0x6e C:/WINAVR/BIN/../lib/gcc/avr/3.4.3/../../../../avr/lib/avr5\libc.a(ltoa.o)
                0x0000036a                ltoa
 .text          0x000003d8       0x20 C:/WINAVR/BIN/../lib/gcc/avr/3.4.3/../../../../avr/lib/avr5\libc.a(strrev.o)
                0x000003d8                strrev
                0x000003f8                . = ALIGN (0x2)
 *(.text.*)
 .text.libgcc   0x000003f8       0x28 C:/WINAVR/BIN/../lib/gcc/avr/3.4.3/avr5\libgcc.a(_udivmodhi4.o)
                0x000003f8                __udivmodhi4
 .text.libgcc   0x00000420       0x44 C:/WINAVR/BIN/../lib/gcc/avr/3.4.3/avr5\libgcc.a(_udivmodsi4.o)
                0x00000420                __udivmodsi4
                0x00000464                . = ALIGN (0x2)
 *(.fini9)
 *(.fini8)
 *(.fini7)
 *(.fini6)
 *(.fini5)
 *(.fini4)
 *(.fini3)
 *(.fini2)
 *(.fini1)
 *(.fini0)
                0x00000464                _etext = .

.data           0x00800060       0x18 load address 0x00000464
                0x00800060                PROVIDE (__data_start, .)
 *(.data)
 .data          0x00800060       0x17 test_uart.o
 *(.gnu.linkonce.d*)
                0x00800078                . = ALIGN (0x2)
 *fill*         0x00800077        0x1 00
                0x00800078                _edata = .
                0x00800078                PROVIDE (__data_end, .)

.bss            0x00800078      0x1f6
                0x00800078                PROVIDE (__bss_start, .)
 *(.bss)
 .bss           0x00800078        0x2 E_uart.o
                0x00800079                g_rx_ptr
                0x00800078                g_tx_ptr
 *(COMMON)
 COMMON         0x0080007a      0x1f4 E_uart.o
                                  0x0 (size before relaxing)
                0x0080007a                g_rx_buff
                0x00800174                g_tx_buff
                0x0080026e                PROVIDE (__bss_end, .)
                0x00000464                __data_load_start = LOADADDR (.data)
                0x0000047c                __data_load_end = (__data_load_start + SIZEOF (.data))

.noinit         0x0080026e        0x0
                0x0080026e                PROVIDE (__noinit_start, .)
 *(.noinit*)
                0x0080026e                PROVIDE (__noinit_end, .)
                0x0080026e                _end = .
                0x0080026e                PROVIDE (__heap_start, .)

.eeprom         0x00810000        0x0
 *(.eeprom*)
                0x00810000                __eeprom_end = .

.stab           0x00000000      0xa20
 *(.stab)
 .stab          0x00000000      0x3c0 test_uart.o
 .stab          0x000003c0      0x660 E_uart.o
                                0x768 (size before relaxing)

.stabstr        0x00000000      0x87b
 *(.stabstr)
 .stabstr       0x00000000      0x87b test_uart.o
                                  0x0 (size before relaxing)

.stab.excl
 *(.stab.excl)

.stab.exclstr
 *(.stab.exclstr)

.stab.index
 *(.stab.index)

.stab.indexstr
 *(.stab.indexstr)

.comment
 *(.comment)

.debug
 *(.debug)

.line
 *(.line)

.debug_srcinfo
 *(.debug_srcinfo)

.debug_sfnames
 *(.debug_sfnames)

.debug_aranges
 *(.debug_aranges)

.debug_pubnames
 *(.debug_pubnames)

.debug_info
 *(.debug_info)
 *(.gnu.linkonce.wi.*)

.debug_abbrev
 *(.debug_abbrev)

.debug_line
 *(.debug_line)

.debug_frame
 *(.debug_frame)

.debug_str
 *(.debug_str)

.debug_loc
 *(.debug_loc)

.debug_macinfo
 *(.debug_macinfo)
OUTPUT(test_uart.elf elf32-avr)

Cross Reference Table

Symbol                                            File
__bad_interrupt                                   C:/WINAVR/BIN/../lib/gcc/avr/3.4.3/../../../../avr/lib/avr5/crtm32.o
__bss_end                                         C:/WINAVR/BIN/../lib/gcc/avr/3.4.3/avr5\libgcc.a(_clear_bss.o)
__bss_start                                       C:/WINAVR/BIN/../lib/gcc/avr/3.4.3/avr5\libgcc.a(_clear_bss.o)
__data_end                                        C:/WINAVR/BIN/../lib/gcc/avr/3.4.3/avr5\libgcc.a(_copy_data.o)
__data_load_start                                 C:/WINAVR/BIN/../lib/gcc/avr/3.4.3/avr5\libgcc.a(_copy_data.o)
__data_start                                      C:/WINAVR/BIN/../lib/gcc/avr/3.4.3/avr5\libgcc.a(_copy_data.o)
__do_clear_bss                                    C:/WINAVR/BIN/../lib/gcc/avr/3.4.3/avr5\libgcc.a(_clear_bss.o)
                                                  E_uart.o
                                                  test_uart.o
__do_copy_data                                    C:/WINAVR/BIN/../lib/gcc/avr/3.4.3/avr5\libgcc.a(_copy_data.o)
                                                  E_uart.o
                                                  test_uart.o
__heap_end                                        C:/WINAVR/BIN/../lib/gcc/avr/3.4.3/../../../../avr/lib/avr5/crtm32.o
__init                                            C:/WINAVR/BIN/../lib/gcc/avr/3.4.3/../../../../avr/lib/avr5/crtm32.o
__stack                                           C:/WINAVR/BIN/../lib/gcc/avr/3.4.3/../../../../avr/lib/avr5/crtm32.o
                                                  test_uart.o
__udivmodhi4                                      C:/WINAVR/BIN/../lib/gcc/avr/3.4.3/avr5\libgcc.a(_udivmodhi4.o)
                                                  C:/WINAVR/BIN/../lib/gcc/avr/3.4.3/../../../../avr/lib/avr5\libc.a(itoa.o)
__udivmodsi4                                      C:/WINAVR/BIN/../lib/gcc/avr/3.4.3/avr5\libgcc.a(_udivmodsi4.o)
                                                  C:/WINAVR/BIN/../lib/gcc/avr/3.4.3/../../../../avr/lib/avr5\libc.a(ltoa.o)
__vector_1                                        C:/WINAVR/BIN/../lib/gcc/avr/3.4.3/../../../../avr/lib/avr5/crtm32.o
__vector_10                                       C:/WINAVR/BIN/../lib/gcc/avr/3.4.3/../../../../avr/lib/avr5/crtm32.o
__vector_11                                       C:/WINAVR/BIN/../lib/gcc/avr/3.4.3/../../../../avr/lib/avr5/crtm32.o
__vector_12                                       C:/WINAVR/BIN/../lib/gcc/avr/3.4.3/../../../../avr/lib/avr5/crtm32.o
__vector_13                                       test_uart.o
                                                  C:/WINAVR/BIN/../lib/gcc/avr/3.4.3/../../../../avr/lib/avr5/crtm32.o
__vector_14                                       test_uart.o
                                                  C:/WINAVR/BIN/../lib/gcc/avr/3.4.3/../../../../avr/lib/avr5/crtm32.o
__vector_15                                       C:/WINAVR/BIN/../lib/gcc/avr/3.4.3/../../../../avr/lib/avr5/crtm32.o
__vector_16                                       C:/WINAVR/BIN/../lib/gcc/avr/3.4.3/../../../../avr/lib/avr5/crtm32.o
__vector_17                                       C:/WINAVR/BIN/../lib/gcc/avr/3.4.3/../../../../avr/lib/avr5/crtm32.o
__vector_18                                       C:/WINAVR/BIN/../lib/gcc/avr/3.4.3/../../../../avr/lib/avr5/crtm32.o
__vector_19                                       C:/WINAVR/BIN/../lib/gcc/avr/3.4.3/../../../../avr/lib/avr5/crtm32.o
__vector_2                                        C:/WINAVR/BIN/../lib/gcc/avr/3.4.3/../../../../avr/lib/avr5/crtm32.o
__vector_20                                       C:/WINAVR/BIN/../lib/gcc/avr/3.4.3/../../../../avr/lib/avr5/crtm32.o
__vector_3                                        C:/WINAVR/BIN/../lib/gcc/avr/3.4.3/../../../../avr/lib/avr5/crtm32.o
__vector_4                                        C:/WINAVR/BIN/../lib/gcc/avr/3.4.3/../../../../avr/lib/avr5/crtm32.o
__vector_5                                        C:/WINAVR/BIN/../lib/gcc/avr/3.4.3/../../../../avr/lib/avr5/crtm32.o
__vector_6                                        C:/WINAVR/BIN/../lib/gcc/avr/3.4.3/../../../../avr/lib/avr5/crtm32.o
__vector_7                                        C:/WINAVR/BIN/../lib/gcc/avr/3.4.3/../../../../avr/lib/avr5/crtm32.o
__vector_8                                        C:/WINAVR/BIN/../lib/gcc/avr/3.4.3/../../../../avr/lib/avr5/crtm32.o
__vector_9                                        C:/WINAVR/BIN/../lib/gcc/avr/3.4.3/../../../../avr/lib/avr5/crtm32.o
__vector_default                                  C:/WINAVR/BIN/../lib/gcc/avr/3.4.3/../../../../avr/lib/avr5/crtm32.o
__vectors                                         C:/WINAVR/BIN/../lib/gcc/avr/3.4.3/../../../../avr/lib/avr5/crtm32.o
debug_lvalue                                      E_uart.o
debug_value                                       E_uart.o
g_rx_buff                                         E_uart.o
g_rx_ptr                                          E_uart.o
g_tx_buff                                         E_uart.o
g_tx_ptr                                          E_uart.o
itoa                                              C:/WINAVR/BIN/../lib/gcc/avr/3.4.3/../../../../avr/lib/avr5\libc.a(itoa.o)
                                                  E_uart.o
                                                  test_uart.o
ltoa                                              C:/WINAVR/BIN/../lib/gcc/avr/3.4.3/../../../../avr/lib/avr5\libc.a(ltoa.o)
                                                  E_uart.o
main                                              test_uart.o
                                                  C:/WINAVR/BIN/../lib/gcc/avr/3.4.3/../../../../avr/lib/avr5/crtm32.o
strrev                                            C:/WINAVR/BIN/../lib/gcc/avr/3.4.3/../../../../avr/lib/avr5\libc.a(strrev.o)
                                                  C:/WINAVR/BIN/../lib/gcc/avr/3.4.3/../../../../avr/lib/avr5\libc.a(ltoa.o)
                                                  C:/WINAVR/BIN/../lib/gcc/avr/3.4.3/../../../../avr/lib/avr5\libc.a(itoa.o)
uart_get_RX                                       E_uart.o
uart_get_TX                                       E_uart.o
                                                  test_uart.o
uart_getc                                         E_uart.o
                                                  test_uart.o
uart_init                                         E_uart.o
                                                  test_uart.o
uart_put_RX                                       E_uart.o
                                                  test_uart.o
uart_put_TX                                       E_uart.o
uart_putc                                         E_uart.o
                                                  test_uart.o
uart_puts                                         E_uart.o
                                                  test_uart.o
