Archive member included because of file (symbol)

C:/WINAVR/BIN/../lib/gcc/avr/3.4.3/avr5\libgcc.a(_copy_data.o)
                              backemf.o (__do_copy_data)
C:/WINAVR/BIN/../lib/gcc/avr/3.4.3/avr5\libgcc.a(_clear_bss.o)
                              backemf.o (__do_clear_bss)
C:/WINAVR/BIN/../lib/gcc/avr/3.4.3/../../../../avr/lib/avr5\libc.a(atoi.o)
                              backemf.o (atoi)
C:/WINAVR/BIN/../lib/gcc/avr/3.4.3/../../../../avr/lib/avr5\libc.a(itoa.o)
                              E_uart.o (itoa)
C:/WINAVR/BIN/../lib/gcc/avr/3.4.3/../../../../avr/lib/avr5\libc.a(mul10.o)
                              C:/WINAVR/BIN/../lib/gcc/avr/3.4.3/../../../../avr/lib/avr5\libc.a(atoi.o) (__mulhi_const_10)
C:/WINAVR/BIN/../lib/gcc/avr/3.4.3/../../../../avr/lib/avr5\libc.a(strcasecmp_P.o)
                              text_decode.o (strcasecmp_P)
C:/WINAVR/BIN/../lib/gcc/avr/3.4.3/../../../../avr/lib/avr5\libc.a(strrev.o)
                              C:/WINAVR/BIN/../lib/gcc/avr/3.4.3/../../../../avr/lib/avr5\libc.a(itoa.o) (strrev)
C:/WINAVR/BIN/../lib/gcc/avr/3.4.3/avr5\libgcc.a(_udivmodhi4.o)
                              C:/WINAVR/BIN/../lib/gcc/avr/3.4.3/../../../../avr/lib/avr5\libc.a(itoa.o) (__udivmodhi4)

Allocating common symbols
Common symbol       size              file

g_rx_buff           0x80              E_uart.o
g_angle             0x2               backemf.o
g_motor             0x1               backemf.o
g_rcv_buff          0x80              backemf.o
g_tx_buff           0x80              E_uart.o
g_speed             0x1               backemf.o

Memory Configuration

Name             Origin             Length             Attributes
text             0x00000000         0x00020000         xr
data             0x00800060         0x0000ffa0         rw !x
eeprom           0x00810000         0x00010000         rw !x
*default*        0x00000000         0xffffffff

Linker script and memory map

LOAD C:/WINAVR/BIN/../lib/gcc/avr/3.4.3/../../../../avr/lib/avr5/crtm32.o
LOAD backemf.o
LOAD Dual_7Segment.o
LOAD DC_motor.o
LOAD ir_tv.o
LOAD E_uart.o
LOAD adc.o
LOAD text_decode.o
LOAD C:/WINAVR/BIN/../lib/gcc/avr/3.4.3/../../../../avr/lib/avr5\libm.a
LOAD C:/WINAVR/BIN/../lib/gcc/avr/3.4.3/avr5\libgcc.a
LOAD C:/WINAVR/BIN/../lib/gcc/avr/3.4.3/../../../../avr/lib/avr5\libc.a
LOAD C:/WINAVR/BIN/../lib/gcc/avr/3.4.3/avr5\libgcc.a

.hash
 *(.hash)

.dynsym
 *(.dynsym)

.dynstr
 *(.dynstr)

.gnu.version
 *(.gnu.version)

.gnu.version_d
 *(.gnu.version_d)

.gnu.version_r
 *(.gnu.version_r)

.rel.init
 *(.rel.init)

.rela.init
 *(.rela.init)

.rel.text
 *(.rel.text)
 *(.rel.text.*)
 *(.rel.gnu.linkonce.t*)

.rela.text
 *(.rela.text)
 *(.rela.text.*)
 *(.rela.gnu.linkonce.t*)

.rel.fini
 *(.rel.fini)

.rela.fini
 *(.rela.fini)

.rel.rodata
 *(.rel.rodata)
 *(.rel.rodata.*)
 *(.rel.gnu.linkonce.r*)

.rela.rodata
 *(.rela.rodata)
 *(.rela.rodata.*)
 *(.rela.gnu.linkonce.r*)

.rel.data
 *(.rel.data)
 *(.rel.data.*)
 *(.rel.gnu.linkonce.d*)

.rela.data
 *(.rela.data)
 *(.rela.data.*)
 *(.rela.gnu.linkonce.d*)

.rel.ctors
 *(.rel.ctors)

.rela.ctors
 *(.rela.ctors)

.rel.dtors
 *(.rel.dtors)

.rela.dtors
 *(.rela.dtors)

.rel.got
 *(.rel.got)

.rela.got
 *(.rela.got)

.rel.bss
 *(.rel.bss)

.rela.bss
 *(.rela.bss)

.rel.plt
 *(.rel.plt)

.rela.plt
 *(.rela.plt)

.text           0x00000000      0xb3c
 *(.vectors)
 .vectors       0x00000000       0x54 C:/WINAVR/BIN/../lib/gcc/avr/3.4.3/../../../../avr/lib/avr5/crtm32.o
                0x00000000                __vectors
                0x00000000                __vector_default
                0x00000054                __ctors_start = .
 *(.ctors)
                0x00000054                __ctors_end = .
                0x00000054                __dtors_start = .
 *(.dtors)
                0x00000054                __dtors_end = .
 *(.progmem.gcc*)
 *(.progmem*)
 .progmem.data  0x00000054       0x29 text_decode.o
                0x0000005f                text_cmd
                0x00000054                white_space
                0x00000057                delimiter
                0x0000007e                . = ALIGN (0x2)
 *fill*         0x0000007d        0x1 00
 *(.init0)
 *(.init1)
 *(.init2)
 .init2         0x0000007e        0xc C:/WINAVR/BIN/../lib/gcc/avr/3.4.3/../../../../avr/lib/avr5/crtm32.o
 *(.init3)
 *(.init4)
 .init4         0x0000008a       0x16 C:/WINAVR/BIN/../lib/gcc/avr/3.4.3/avr5\libgcc.a(_copy_data.o)
                0x0000008a                __do_copy_data
 .init4         0x000000a0       0x10 C:/WINAVR/BIN/../lib/gcc/avr/3.4.3/avr5\libgcc.a(_clear_bss.o)
                0x000000a0                __do_clear_bss
 *(.init5)
 *(.init6)
 *(.init7)
 *(.init8)
 *(.init9)
 .init9         0x000000b0        0x4 C:/WINAVR/BIN/../lib/gcc/avr/3.4.3/../../../../avr/lib/avr5/crtm32.o
 *(.text)
 .text          0x000000b4        0x4 C:/WINAVR/BIN/../lib/gcc/avr/3.4.3/../../../../avr/lib/avr5/crtm32.o
                0x000000b4                __vector_1
                0x000000b4                __vector_12
                0x000000b4                __bad_interrupt
                0x000000b4                __vector_3
                0x000000b4                __vector_11
                0x000000b4                __vector_17
                0x000000b4                __vector_19
                0x000000b4                __vector_7
                0x000000b4                __vector_5
                0x000000b4                __vector_4
                0x000000b4                __vector_9
                0x000000b4                __vector_2
                0x000000b4                __vector_15
                0x000000b4                __vector_8
                0x000000b4                __vector_10
                0x000000b4                __vector_16
                0x000000b4                __vector_18
                0x000000b4                __vector_20
 .text          0x000000b8      0x414 backemf.o
                0x000003cc                init_board
                0x00000366                __vector_6
                0x000002b2                __vector_13
                0x000000c2                remote_decode
                0x00000204                cmd_decode
                0x000003e4                main
                0x000000b8                delay
                0x00000314                __vector_14
 .text          0x000004cc       0xc2 Dual_7Segment.o
                0x000004cc                d7segment_display
                0x0000057a                d7segment_init
 .text          0x0000058e       0x88 DC_motor.o
                0x0000058e                init_motor
                0x000005b2                motor_control
 .text          0x00000616       0x96 ir_tv.o
                0x00000628                sony_ir_decode
                0x00000616                init_ir
 .text          0x000006ac      0x164 E_uart.o
                0x000007d2                debug_value
                0x00000760                uart_get_TX
                0x000006f6                uart_get_RX
                0x000007ac                uart_puts
                0x000006ac                uart_init
                0x00000798                uart_getc
                0x000007a0                uart_putc
                0x000006c4                uart_put_RX
                0x0000072e                uart_put_TX
 .text          0x00000810       0x40 adc.o
                0x00000834                read_adc
                0x00000810                adc_init
                0x00000820                adc_enable_int
 .text          0x00000850      0x1ca text_decode.o
                0x00000850                text_decode
 .text          0x00000a1a       0x5a C:/WINAVR/BIN/../lib/gcc/avr/3.4.3/../../../../avr/lib/avr5\libc.a(atoi.o)
                0x00000a1a                atoi
 .text          0x00000a74       0x4a C:/WINAVR/BIN/../lib/gcc/avr/3.4.3/../../../../avr/lib/avr5\libc.a(itoa.o)
                0x00000a74                itoa
 .text          0x00000abe       0x10 C:/WINAVR/BIN/../lib/gcc/avr/3.4.3/../../../../avr/lib/avr5\libc.a(mul10.o)
                0x00000abe                __mulhi_const_10
 .text          0x00000ace       0x26 C:/WINAVR/BIN/../lib/gcc/avr/3.4.3/../../../../avr/lib/avr5\libc.a(strcasecmp_P.o)
                0x00000ace                strcasecmp_P
 .text          0x00000af4       0x20 C:/WINAVR/BIN/../lib/gcc/avr/3.4.3/../../../../avr/lib/avr5\libc.a(strrev.o)
                0x00000af4                strrev
                0x00000b14                . = ALIGN (0x2)
 *(.text.*)
 .text.libgcc   0x00000b14       0x28 C:/WINAVR/BIN/../lib/gcc/avr/3.4.3/avr5\libgcc.a(_udivmodhi4.o)
                0x00000b14                __udivmodhi4
                0x00000b3c                . = ALIGN (0x2)
 *(.fini9)
 *(.fini8)
 *(.fini7)
 *(.fini6)
 *(.fini5)
 *(.fini4)
 *(.fini3)
 *(.fini2)
 *(.fini1)
 *(.fini0)
                0x00000b3c                _etext = .

.data           0x00800060       0x30 load address 0x00000b3c
                0x00800060                PROVIDE (__data_start, .)
 *(.data)
 .data          0x00800060       0x2f backemf.o
 *(.gnu.linkonce.d*)
                0x00800090                . = ALIGN (0x2)
 *fill*         0x0080008f        0x1 00
                0x00800090                _edata = .
                0x00800090                PROVIDE (__data_end, .)

.bss            0x00800090      0x192
                0x00800090                PROVIDE (__bss_start, .)
 *(.bss)
 .bss           0x00800090        0x5 backemf.o
                0x00800091                g_mode2
                0x00800090                g_cmd_decode
                0x00800092                g_mode1
 .bss           0x00800095        0x5 ir_tv.o
 .bss           0x0080009a        0x2 E_uart.o
                0x0080009b                g_rx_ptr
                0x0080009a                g_tx_ptr
 .bss           0x0080009c        0x2 text_decode.o
 *(COMMON)
 COMMON         0x0080009e       0x84 backemf.o
                                  0x0 (size before relaxing)
                0x0080009e                g_angle
                0x008000a0                g_motor
                0x008000a1                g_rcv_buff
                0x00800121                g_speed
 COMMON         0x00800122      0x100 E_uart.o
                                  0x0 (size before relaxing)
                0x00800122                g_rx_buff
                0x008001a2                g_tx_buff
                0x00800222                PROVIDE (__bss_end, .)
                0x00000b3c                __data_load_start = LOADADDR (.data)
                0x00000b6c                __data_load_end = (__data_load_start + SIZEOF (.data))

.noinit         0x00800222        0x0
                0x00800222                PROVIDE (__noinit_start, .)
 *(.noinit*)
                0x00800222                PROVIDE (__noinit_end, .)
                0x00800222                _end = .
                0x00800222                PROVIDE (__heap_start, .)

.eeprom         0x00810000        0x0
 *(.eeprom*)
                0x00810000                __eeprom_end = .

.stab           0x00000000     0x2238
 *(.stab)
 .stab          0x00000000      0xb4c backemf.o
 .stab          0x00000b4c      0x300 Dual_7Segment.o
                                0x3b4 (size before relaxing)
 .stab          0x00000e4c      0x30c DC_motor.o
                                0x3cc (size before relaxing)
 .stab          0x00001158      0x2d0 ir_tv.o
                                0x390 (size before relaxing)
 .stab          0x00001428      0x5e8 E_uart.o
                                0x6fc (size before relaxing)
 .stab          0x00001a10      0x27c adc.o
                                0x33c (size before relaxing)
 .stab          0x00001c8c      0x5ac text_decode.o
                                0x738 (size before relaxing)

.stabstr        0x00000000      0xeb6
 *(.stabstr)
 .stabstr       0x00000000      0xeb6 backemf.o
                                  0x0 (size before relaxing)

.stab.excl
 *(.stab.excl)

.stab.exclstr
 *(.stab.exclstr)

.stab.index
 *(.stab.index)

.stab.indexstr
 *(.stab.indexstr)

.comment
 *(.comment)

.debug
 *(.debug)

.line
 *(.line)

.debug_srcinfo
 *(.debug_srcinfo)

.debug_sfnames
 *(.debug_sfnames)

.debug_aranges
 *(.debug_aranges)

.debug_pubnames
 *(.debug_pubnames)

.debug_info
 *(.debug_info)
 *(.gnu.linkonce.wi.*)

.debug_abbrev
 *(.debug_abbrev)

.debug_line
 *(.debug_line)

.debug_frame
 *(.debug_frame)

.debug_str
 *(.debug_str)

.debug_loc
 *(.debug_loc)

.debug_macinfo
 *(.debug_macinfo)
OUTPUT(backemf.elf elf32-avr)

Cross Reference Table

Symbol                                            File
__bad_interrupt                                   C:/WINAVR/BIN/../lib/gcc/avr/3.4.3/../../../../avr/lib/avr5/crtm32.o
__bss_end                                         C:/WINAVR/BIN/../lib/gcc/avr/3.4.3/avr5\libgcc.a(_clear_bss.o)
__bss_start                                       C:/WINAVR/BIN/../lib/gcc/avr/3.4.3/avr5\libgcc.a(_clear_bss.o)
__data_end                                        C:/WINAVR/BIN/../lib/gcc/avr/3.4.3/avr5\libgcc.a(_copy_data.o)
__data_load_start                                 C:/WINAVR/BIN/../lib/gcc/avr/3.4.3/avr5\libgcc.a(_copy_data.o)
__data_start                                      C:/WINAVR/BIN/../lib/gcc/avr/3.4.3/avr5\libgcc.a(_copy_data.o)
__do_clear_bss                                    C:/WINAVR/BIN/../lib/gcc/avr/3.4.3/avr5\libgcc.a(_clear_bss.o)
                                                  text_decode.o
                                                  adc.o
                                                  E_uart.o
                                                  ir_tv.o
                                                  DC_motor.o
                                                  Dual_7Segment.o
                                                  backemf.o
__do_copy_data                                    C:/WINAVR/BIN/../lib/gcc/avr/3.4.3/avr5\libgcc.a(_copy_data.o)
                                                  text_decode.o
                                                  adc.o
                                                  E_uart.o
                                                  ir_tv.o
                                                  DC_motor.o
                                                  Dual_7Segment.o
                                                  backemf.o
__heap_end                                        C:/WINAVR/BIN/../lib/gcc/avr/3.4.3/../../../../avr/lib/avr5/crtm32.o
__init                                            C:/WINAVR/BIN/../lib/gcc/avr/3.4.3/../../../../avr/lib/avr5/crtm32.o
__mulhi_const_10                                  C:/WINAVR/BIN/../lib/gcc/avr/3.4.3/../../../../avr/lib/avr5\libc.a(mul10.o)
                                                  C:/WINAVR/BIN/../lib/gcc/avr/3.4.3/../../../../avr/lib/avr5\libc.a(atoi.o)
__stack                                           C:/WINAVR/BIN/../lib/gcc/avr/3.4.3/../../../../avr/lib/avr5/crtm32.o
                                                  backemf.o
__udivmodhi4                                      C:/WINAVR/BIN/../lib/gcc/avr/3.4.3/avr5\libgcc.a(_udivmodhi4.o)
                                                  C:/WINAVR/BIN/../lib/gcc/avr/3.4.3/../../../../avr/lib/avr5\libc.a(itoa.o)
__vector_1                                        C:/WINAVR/BIN/../lib/gcc/avr/3.4.3/../../../../avr/lib/avr5/crtm32.o
__vector_10                                       C:/WINAVR/BIN/../lib/gcc/avr/3.4.3/../../../../avr/lib/avr5/crtm32.o
__vector_11                                       C:/WINAVR/BIN/../lib/gcc/avr/3.4.3/../../../../avr/lib/avr5/crtm32.o
__vector_12                                       C:/WINAVR/BIN/../lib/gcc/avr/3.4.3/../../../../avr/lib/avr5/crtm32.o
__vector_13                                       backemf.o
                                                  C:/WINAVR/BIN/../lib/gcc/avr/3.4.3/../../../../avr/lib/avr5/crtm32.o
__vector_14                                       backemf.o
                                                  C:/WINAVR/BIN/../lib/gcc/avr/3.4.3/../../../../avr/lib/avr5/crtm32.o
__vector_15                                       C:/WINAVR/BIN/../lib/gcc/avr/3.4.3/../../../../avr/lib/avr5/crtm32.o
__vector_16                                       C:/WINAVR/BIN/../lib/gcc/avr/3.4.3/../../../../avr/lib/avr5/crtm32.o
__vector_17                                       C:/WINAVR/BIN/../lib/gcc/avr/3.4.3/../../../../avr/lib/avr5/crtm32.o
__vector_18                                       C:/WINAVR/BIN/../lib/gcc/avr/3.4.3/../../../../avr/lib/avr5/crtm32.o
__vector_19                                       C:/WINAVR/BIN/../lib/gcc/avr/3.4.3/../../../../avr/lib/avr5/crtm32.o
__vector_2                                        C:/WINAVR/BIN/../lib/gcc/avr/3.4.3/../../../../avr/lib/avr5/crtm32.o
__vector_20                                       C:/WINAVR/BIN/../lib/gcc/avr/3.4.3/../../../../avr/lib/avr5/crtm32.o
__vector_3                                        C:/WINAVR/BIN/../lib/gcc/avr/3.4.3/../../../../avr/lib/avr5/crtm32.o
__vector_4                                        C:/WINAVR/BIN/../lib/gcc/avr/3.4.3/../../../../avr/lib/avr5/crtm32.o
__vector_5                                        C:/WINAVR/BIN/../lib/gcc/avr/3.4.3/../../../../avr/lib/avr5/crtm32.o
__vector_6                                        backemf.o
                                                  C:/WINAVR/BIN/../lib/gcc/avr/3.4.3/../../../../avr/lib/avr5/crtm32.o
__vector_7                                        C:/WINAVR/BIN/../lib/gcc/avr/3.4.3/../../../../avr/lib/avr5/crtm32.o
__vector_8                                        C:/WINAVR/BIN/../lib/gcc/avr/3.4.3/../../../../avr/lib/avr5/crtm32.o
__vector_9                                        C:/WINAVR/BIN/../lib/gcc/avr/3.4.3/../../../../avr/lib/avr5/crtm32.o
__vector_default                                  C:/WINAVR/BIN/../lib/gcc/avr/3.4.3/../../../../avr/lib/avr5/crtm32.o
__vectors                                         C:/WINAVR/BIN/../lib/gcc/avr/3.4.3/../../../../avr/lib/avr5/crtm32.o
adc_enable_int                                    adc.o
adc_init                                          adc.o
atoi                                              C:/WINAVR/BIN/../lib/gcc/avr/3.4.3/../../../../avr/lib/avr5\libc.a(atoi.o)
                                                  backemf.o
cmd_decode                                        backemf.o
d7segment_display                                 Dual_7Segment.o
                                                  backemf.o
d7segment_init                                    Dual_7Segment.o
                                                  backemf.o
debug_value                                       E_uart.o
delay                                             backemf.o
delimiter                                         text_decode.o
g_angle                                           backemf.o
g_cmd_decode                                      backemf.o
g_mode1                                           backemf.o
g_mode2                                           backemf.o
g_motor                                           backemf.o
g_rcv_buff                                        backemf.o
g_rx_buff                                         E_uart.o
g_rx_ptr                                          E_uart.o
g_speed                                           backemf.o
g_tx_buff                                         E_uart.o
g_tx_ptr                                          E_uart.o
init_board                                        backemf.o
init_ir                                           ir_tv.o
                                                  backemf.o
init_motor                                        DC_motor.o
                                                  backemf.o
itoa                                              C:/WINAVR/BIN/../lib/gcc/avr/3.4.3/../../../../avr/lib/avr5\libc.a(itoa.o)
                                                  E_uart.o
main                                              backemf.o
                                                  C:/WINAVR/BIN/../lib/gcc/avr/3.4.3/../../../../avr/lib/avr5/crtm32.o
motor_control                                     DC_motor.o
                                                  backemf.o
read_adc                                          adc.o
remote_decode                                     backemf.o
sony_ir_decode                                    ir_tv.o
                                                  backemf.o
strcasecmp_P                                      C:/WINAVR/BIN/../lib/gcc/avr/3.4.3/../../../../avr/lib/avr5\libc.a(strcasecmp_P.o)
                                                  text_decode.o
strrev                                            C:/WINAVR/BIN/../lib/gcc/avr/3.4.3/../../../../avr/lib/avr5\libc.a(strrev.o)
                                                  C:/WINAVR/BIN/../lib/gcc/avr/3.4.3/../../../../avr/lib/avr5\libc.a(itoa.o)
text_cmd                                          text_decode.o
text_decode                                       text_decode.o
                                                  backemf.o
uart_get_RX                                       E_uart.o
uart_get_TX                                       E_uart.o
                                                  backemf.o
uart_getc                                         E_uart.o
uart_init                                         E_uart.o
                                                  backemf.o
uart_put_RX                                       E_uart.o
uart_put_TX                                       E_uart.o
uart_putc                                         E_uart.o
                                                  backemf.o
uart_puts                                         E_uart.o
                                                  backemf.o
white_space                                       text_decode.o
